Archive member included to satisfy reference by file (symbol)

/usr/lib/gap_riscv_toolchain/bin/../lib/gcc/riscv32-unknown-elf/7.1.1/rv32imcxgap8/ilp32/libgcc.a(_bswapsi2.o)
                              /module/examples/other/wifi-img-streamer/BUILD/GAP8_V2/GCC_RISCV_FREERTOS//gap_sdk/rtos/pmsis/bsp/fs/lfs/lfs.o (__bswapsi2)
/usr/lib/gap_riscv_toolchain/bin/../lib/gcc/riscv32-unknown-elf/7.1.1/rv32imcxgap8/ilp32/libgcc.a(_divdi3.o)
                              /module/examples/other/wifi-img-streamer/BUILD/GAP8_V2/GCC_RISCV_FREERTOS//gap_sdk/rtos/freeRTOS/vendors/gwt/pmsis/backend/pmsis_backend_native_task_api.o (__divdi3)
/usr/lib/gap_riscv_toolchain/bin/../lib/gcc/riscv32-unknown-elf/7.1.1/rv32imcxgap8/ilp32/libgcc.a(_udivdi3.o)
                              /module/examples/other/wifi-img-streamer/BUILD/GAP8_V2/GCC_RISCV_FREERTOS//gap_sdk/rtos/freeRTOS/vendors/gwt/pmsis/backend/pmsis_backend_native_task_api.o (__udivdi3)
/usr/lib/gap_riscv_toolchain/bin/../lib/gcc/riscv32-unknown-elf/7.1.1/rv32imcxgap8/ilp32/libgcc.a(adddf3.o)
                              /module/examples/other/wifi-img-streamer/BUILD/GAP8_V2/GCC_RISCV_FREERTOS//gap_sdk/rtos/freeRTOS/vendors/gwt/libs/printf/printf.o (__adddf3)
/usr/lib/gap_riscv_toolchain/bin/../lib/gcc/riscv32-unknown-elf/7.1.1/rv32imcxgap8/ilp32/libgcc.a(divdf3.o)
                              /module/examples/other/wifi-img-streamer/BUILD/GAP8_V2/GCC_RISCV_FREERTOS//gap_sdk/rtos/freeRTOS/vendors/gwt/libs/printf/printf.o (__divdf3)
/usr/lib/gap_riscv_toolchain/bin/../lib/gcc/riscv32-unknown-elf/7.1.1/rv32imcxgap8/ilp32/libgcc.a(eqdf2.o)
                              /module/examples/other/wifi-img-streamer/BUILD/GAP8_V2/GCC_RISCV_FREERTOS//gap_sdk/rtos/freeRTOS/vendors/gwt/libs/printf/printf.o (__nedf2)
/usr/lib/gap_riscv_toolchain/bin/../lib/gcc/riscv32-unknown-elf/7.1.1/rv32imcxgap8/ilp32/libgcc.a(gedf2.o)
                              /module/examples/other/wifi-img-streamer/BUILD/GAP8_V2/GCC_RISCV_FREERTOS//gap_sdk/rtos/freeRTOS/vendors/gwt/libs/printf/printf.o (__gedf2)
/usr/lib/gap_riscv_toolchain/bin/../lib/gcc/riscv32-unknown-elf/7.1.1/rv32imcxgap8/ilp32/libgcc.a(ledf2.o)
                              /module/examples/other/wifi-img-streamer/BUILD/GAP8_V2/GCC_RISCV_FREERTOS//gap_sdk/rtos/freeRTOS/vendors/gwt/libs/printf/printf.o (__ltdf2)
/usr/lib/gap_riscv_toolchain/bin/../lib/gcc/riscv32-unknown-elf/7.1.1/rv32imcxgap8/ilp32/libgcc.a(muldf3.o)
                              /module/examples/other/wifi-img-streamer/BUILD/GAP8_V2/GCC_RISCV_FREERTOS//gap_sdk/rtos/freeRTOS/vendors/gwt/libs/printf/printf.o (__muldf3)
/usr/lib/gap_riscv_toolchain/bin/../lib/gcc/riscv32-unknown-elf/7.1.1/rv32imcxgap8/ilp32/libgcc.a(subdf3.o)
                              /module/examples/other/wifi-img-streamer/BUILD/GAP8_V2/GCC_RISCV_FREERTOS//gap_sdk/rtos/freeRTOS/vendors/gwt/libs/printf/printf.o (__subdf3)
/usr/lib/gap_riscv_toolchain/bin/../lib/gcc/riscv32-unknown-elf/7.1.1/rv32imcxgap8/ilp32/libgcc.a(fixdfsi.o)
                              /module/examples/other/wifi-img-streamer/BUILD/GAP8_V2/GCC_RISCV_FREERTOS//gap_sdk/rtos/freeRTOS/vendors/gwt/libs/printf/printf.o (__fixdfsi)
/usr/lib/gap_riscv_toolchain/bin/../lib/gcc/riscv32-unknown-elf/7.1.1/rv32imcxgap8/ilp32/libgcc.a(fixunsdfsi.o)
                              /module/examples/other/wifi-img-streamer/BUILD/GAP8_V2/GCC_RISCV_FREERTOS//gap_sdk/rtos/freeRTOS/vendors/gwt/libs/printf/printf.o (__fixunsdfsi)
/usr/lib/gap_riscv_toolchain/bin/../lib/gcc/riscv32-unknown-elf/7.1.1/rv32imcxgap8/ilp32/libgcc.a(floatsidf.o)
                              /module/examples/other/wifi-img-streamer/BUILD/GAP8_V2/GCC_RISCV_FREERTOS//gap_sdk/rtos/freeRTOS/vendors/gwt/libs/printf/printf.o (__floatsidf)
/usr/lib/gap_riscv_toolchain/bin/../lib/gcc/riscv32-unknown-elf/7.1.1/rv32imcxgap8/ilp32/libgcc.a(floatunsidf.o)
                              /module/examples/other/wifi-img-streamer/BUILD/GAP8_V2/GCC_RISCV_FREERTOS//gap_sdk/rtos/freeRTOS/vendors/gwt/libs/printf/printf.o (__floatunsidf)
/usr/lib/gap_riscv_toolchain/bin/../lib/gcc/riscv32-unknown-elf/7.1.1/rv32imcxgap8/ilp32/libgcc.a(divsf3.o)
                              /module/examples/other/wifi-img-streamer/BUILD/GAP8_V2/GCC_RISCV_FREERTOS//gap_sdk/rtos/freeRTOS/vendors/gwt/gap8/pmsis/drivers/timer/timer.o (__divsf3)
/usr/lib/gap_riscv_toolchain/bin/../lib/gcc/riscv32-unknown-elf/7.1.1/rv32imcxgap8/ilp32/libgcc.a(mulsf3.o)
                              /module/examples/other/wifi-img-streamer/BUILD/GAP8_V2/GCC_RISCV_FREERTOS//gap_sdk/rtos/freeRTOS/vendors/gwt/gap8/pmsis/drivers/timer/timer.o (__mulsf3)
/usr/lib/gap_riscv_toolchain/bin/../lib/gcc/riscv32-unknown-elf/7.1.1/rv32imcxgap8/ilp32/libgcc.a(fixunssfsi.o)
                              /module/examples/other/wifi-img-streamer/BUILD/GAP8_V2/GCC_RISCV_FREERTOS//gap_sdk/rtos/freeRTOS/vendors/gwt/gap8/pmsis/drivers/timer/timer.o (__fixunssfsi)
[...]
Memory Configuration

Name             Origin             Length             Attributes
FC_tcdm          0x000000001b000000 0x0000000000004000
fc_tcdm_aliased  0x0000000000000004 0x0000000000003ffc
L2               0x000000001c000000 0x0000000000080000
L1_sram          0x0000000010000000 0x0000000000010000
*default*        0x0000000000000000 0xffffffffffffffff

Linker script and memory map

LOAD /module/examples/other/wifi-img-streamer/BUILD/GAP8_V2/GCC_RISCV_FREERTOS/wifi-img-streamer.o
LOAD /module/examples/other/wifi-img-streamer/BUILD/GAP8_V2/GCC_RISCV_FREERTOS/../../../lib/cpx/src/com.o
LOAD /module/examples/other/wifi-img-streamer/BUILD/GAP8_V2/GCC_RISCV_FREERTOS/../../../lib/cpx/src/cpx.o
LOAD /module/examples/other/wifi-img-streamer/BUILD/GAP8_V2/GCC_RISCV_FREERTOS//gap_sdk/libs/gap_lib/jpeg/dct.o
LOAD /module/examples/other/wifi-img-streamer/BUILD/GAP8_V2/GCC_RISCV_FREERTOS//gap_sdk/libs/gap_lib/jpeg/jpeg_constants.o
LOAD /module/examples/other/wifi-img-streamer/BUILD/GAP8_V2/GCC_RISCV_FREERTOS//gap_sdk/libs/gap_lib/jpeg/jpeg_encoder.o
LOAD /module/examples/other/wifi-img-streamer/BUILD/GAP8_V2/GCC_RISCV_FREERTOS//gap_sdk/libs/gap_lib/jpeg/cluster.o
LOAD /module/examples/other/wifi-img-streamer/BUILD/GAP8_V2/GCC_RISCV_FREERTOS//gap_sdk/rtos/freeRTOS/vendors/gwt/gap8/src/device/gap8_iet.o
LOAD /module/examples/other/wifi-img-streamer/BUILD/GAP8_V2/GCC_RISCV_FREERTOS//gap_sdk/rtos/freeRTOS/vendors/gwt/gap8/src/device/startup_gap8.o
LOAD /module/examples/other/wifi-img-streamer/BUILD/GAP8_V2/GCC_RISCV_FREERTOS//gap_sdk/rtos/freeRTOS/vendors/gwt/gap8/pmsis/cluster/drivers/cluster_synchronisation/cluster_core.o
LOAD /module/examples/other/wifi-img-streamer/BUILD/GAP8_V2/GCC_RISCV_FREERTOS//gap_sdk/rtos/freeRTOS/vendors/gwt/gap8/pmsis/util/asm_util.o
LOAD /module/examples/other/wifi-img-streamer/BUILD/GAP8_V2/GCC_RISCV_FREERTOS//gap_sdk/rtos/freeRTOS/freertos_kernel/portable/GCC/RI5CY-GAP8/port_asm.o
LOAD /module/examples/other/wifi-img-streamer/BUILD/GAP8_V2/GCC_RISCV_FREERTOS//gap_sdk/rtos/freeRTOS/vendors/gwt/gap8/src/device/system_gap8.o
LOAD /module/examples/other/wifi-img-streamer/BUILD/GAP8_V2/GCC_RISCV_FREERTOS//gap_sdk/rtos/freeRTOS/vendors/gwt/gap8/src/device/gap8_it.o
LOAD /module/examples/other/wifi-img-streamer/BUILD/GAP8_V2/GCC_RISCV_FREERTOS//gap_sdk/rtos/freeRTOS/vendors/gwt/gap8/src/driver/gap_io.o
LOAD /module/examples/other/wifi-img-streamer/BUILD/GAP8_V2/GCC_RISCV_FREERTOS//gap_sdk/rtos/freeRTOS/vendors/gwt/libs/src/stdlib.o
LOAD /module/examples/other/wifi-img-streamer/BUILD/GAP8_V2/GCC_RISCV_FREERTOS//gap_sdk/rtos/freeRTOS/vendors/gwt/libs/src/string.o
LOAD /module/examples/other/wifi-img-streamer/BUILD/GAP8_V2/GCC_RISCV_FREERTOS//gap_sdk/rtos/freeRTOS/vendors/gwt/libs/src/errno.o
LOAD /module/examples/other/wifi-img-streamer/BUILD/GAP8_V2/GCC_RISCV_FREERTOS//gap_sdk/rtos/freeRTOS/vendors/gwt/gap8/pmsis/cluster/malloc/cl_malloc.o
LOAD /module/examples/other/wifi-img-streamer/BUILD/GAP8_V2/GCC_RISCV_FREERTOS//gap_sdk/rtos/freeRTOS/vendors/gwt/gap8/pmsis/cluster/drivers/cluster_synchronisation/cl_to_fc_delegate.o
LOAD /module/examples/other/wifi-img-streamer/BUILD/GAP8_V2/GCC_RISCV_FREERTOS//gap_sdk/rtos/freeRTOS/vendors/gwt/gap8/pmsis/cluster/drivers/cluster_synchronisation/fc_to_cl_delegate.o
LOAD /module/examples/other/wifi-img-streamer/BUILD/GAP8_V2/GCC_RISCV_FREERTOS//gap_sdk/rtos/freeRTOS/vendors/gwt/gap8/pmsis/cluster/drivers/cluster_team/cl_team.o
LOAD /module/examples/other/wifi-img-streamer/BUILD/GAP8_V2/GCC_RISCV_FREERTOS//gap_sdk/rtos/freeRTOS/vendors/gwt/gap8/pmsis/cluster/drivers/delegate/hyperbus/hyperbus_cl_internal.o
LOAD /module/examples/other/wifi-img-streamer/BUILD/GAP8_V2/GCC_RISCV_FREERTOS//gap_sdk/rtos/freeRTOS/vendors/gwt/gap8/pmsis/cluster/drivers/delegate/uart/uart_cl_internal.o
LOAD /module/examples/other/wifi-img-streamer/BUILD/GAP8_V2/GCC_RISCV_FREERTOS//gap_sdk/rtos/freeRTOS/vendors/gwt/gap8/pmsis/cluster/drivers/dma/cl_dma_irq.o
LOAD /module/examples/other/wifi-img-streamer/BUILD/GAP8_V2/GCC_RISCV_FREERTOS//gap_sdk/rtos/freeRTOS/vendors/gwt/gap8/pmsis/drivers/fc_event/fc_event.o
LOAD /module/examples/other/wifi-img-streamer/BUILD/GAP8_V2/GCC_RISCV_FREERTOS//gap_sdk/rtos/freeRTOS/vendors/gwt/gap8/pmsis/drivers/fll/fll.o
LOAD /module/examples/other/wifi-img-streamer/BUILD/GAP8_V2/GCC_RISCV_FREERTOS//gap_sdk/rtos/freeRTOS/vendors/gwt/gap8/pmsis/drivers/gpio/gpio.o
LOAD /module/examples/other/wifi-img-streamer/BUILD/GAP8_V2/GCC_RISCV_FREERTOS//gap_sdk/rtos/freeRTOS/vendors/gwt/gap8/pmsis/drivers/pad/pad.o
LOAD /module/examples/other/wifi-img-streamer/BUILD/GAP8_V2/GCC_RISCV_FREERTOS//gap_sdk/rtos/freeRTOS/vendors/gwt/gap8/pmsis/drivers/pmu/pmu.o
LOAD /module/examples/other/wifi-img-streamer/BUILD/GAP8_V2/GCC_RISCV_FREERTOS//gap_sdk/rtos/freeRTOS/vendors/gwt/gap8/pmsis/drivers/pmu/pmu_internal.o
LOAD /module/examples/other/wifi-img-streamer/BUILD/GAP8_V2/GCC_RISCV_FREERTOS//gap_sdk/rtos/freeRTOS/vendors/gwt/gap8/pmsis/drivers/pwm/pwm.o
LOAD /module/examples/other/wifi-img-streamer/BUILD/GAP8_V2/GCC_RISCV_FREERTOS//gap_sdk/rtos/freeRTOS/vendors/gwt/gap8/pmsis/drivers/pwm/pwm_internal.o
LOAD /module/examples/other/wifi-img-streamer/BUILD/GAP8_V2/GCC_RISCV_FREERTOS//gap_sdk/rtos/freeRTOS/vendors/gwt/gap8/pmsis/drivers/rtc/rtc.o
LOAD /module/examples/other/wifi-img-streamer/BUILD/GAP8_V2/GCC_RISCV_FREERTOS//gap_sdk/rtos/freeRTOS/vendors/gwt/gap8/pmsis/drivers/rtc/rtc_internal.o
LOAD /module/examples/other/wifi-img-streamer/BUILD/GAP8_V2/GCC_RISCV_FREERTOS//gap_sdk/rtos/freeRTOS/vendors/gwt/gap8/pmsis/drivers/timer/timer.o
LOAD /module/examples/other/wifi-img-streamer/BUILD/GAP8_V2/GCC_RISCV_FREERTOS//gap_sdk/rtos/freeRTOS/vendors/gwt/gap8/pmsis/drivers/udma/hyperbus/hyperbus.o
LOAD /module/examples/other/wifi-img-streamer/BUILD/GAP8_V2/GCC_RISCV_FREERTOS//gap_sdk/rtos/freeRTOS/vendors/gwt/gap8/pmsis/drivers/udma/hyperbus/hyperbus_internal.o
LOAD /module/examples/other/wifi-img-streamer/BUILD/GAP8_V2/GCC_RISCV_FREERTOS//gap_sdk/rtos/freeRTOS/vendors/gwt/gap8/pmsis/drivers/udma/cpi/cpi.o
LOAD /module/examples/other/wifi-img-streamer/BUILD/GAP8_V2/GCC_RISCV_FREERTOS//gap_sdk/rtos/freeRTOS/vendors/gwt/gap8/pmsis/drivers/udma/cpi/cpi_internal.o
LOAD /module/examples/other/wifi-img-streamer/BUILD/GAP8_V2/GCC_RISCV_FREERTOS//gap_sdk/rtos/freeRTOS/vendors/gwt/gap8/pmsis/drivers/udma/dmacpy/dmacpy.o
LOAD /module/examples/other/wifi-img-streamer/BUILD/GAP8_V2/GCC_RISCV_FREERTOS//gap_sdk/rtos/freeRTOS/vendors/gwt/gap8/pmsis/drivers/udma/dmacpy/dmacpy_internal.o
LOAD /module/examples/other/wifi-img-streamer/BUILD/GAP8_V2/GCC_RISCV_FREERTOS//gap_sdk/rtos/freeRTOS/vendors/gwt/gap8/pmsis/drivers/udma/i2c/i2c.o
LOAD /module/examples/other/wifi-img-streamer/BUILD/GAP8_V2/GCC_RISCV_FREERTOS//gap_sdk/rtos/freeRTOS/vendors/gwt/gap8/pmsis/drivers/udma/i2c/i2c_internal.o
LOAD /module/examples/other/wifi-img-streamer/BUILD/GAP8_V2/GCC_RISCV_FREERTOS//gap_sdk/rtos/freeRTOS/vendors/gwt/gap8/pmsis/drivers/udma/i2s/i2s.o
LOAD /module/examples/other/wifi-img-streamer/BUILD/GAP8_V2/GCC_RISCV_FREERTOS//gap_sdk/rtos/freeRTOS/vendors/gwt/gap8/pmsis/drivers/udma/i2s/i2s_internal.o
LOAD /module/examples/other/wifi-img-streamer/BUILD/GAP8_V2/GCC_RISCV_FREERTOS//gap_sdk/rtos/freeRTOS/vendors/gwt/gap8/pmsis/drivers/udma/spi/spi.o
LOAD /module/examples/other/wifi-img-streamer/BUILD/GAP8_V2/GCC_RISCV_FREERTOS//gap_sdk/rtos/freeRTOS/vendors/gwt/gap8/pmsis/drivers/udma/spi/spi_internal.o
LOAD /module/examples/other/wifi-img-streamer/BUILD/GAP8_V2/GCC_RISCV_FREERTOS//gap_sdk/rtos/freeRTOS/vendors/gwt/gap8/pmsis/drivers/udma/uart/uart.o
LOAD /module/examples/other/wifi-img-streamer/BUILD/GAP8_V2/GCC_RISCV_FREERTOS//gap_sdk/rtos/freeRTOS/vendors/gwt/gap8/pmsis/drivers/udma/uart/uart_internal.o
LOAD /module/examples/other/wifi-img-streamer/BUILD/GAP8_V2/GCC_RISCV_FREERTOS//gap_sdk/rtos/pmsis/bsp/flash/flash.o
LOAD /module/examples/other/wifi-img-streamer/BUILD/GAP8_V2/GCC_RISCV_FREERTOS//gap_sdk/rtos/pmsis/bsp/partition/partition.o
LOAD /module/examples/other/wifi-img-streamer/BUILD/GAP8_V2/GCC_RISCV_FREERTOS//gap_sdk/rtos/pmsis/bsp/partition/flash_partition.o
LOAD /module/examples/other/wifi-img-streamer/BUILD/GAP8_V2/GCC_RISCV_FREERTOS//gap_sdk/rtos/pmsis/bsp/crc/md5.o
LOAD /module/examples/other/wifi-img-streamer/BUILD/GAP8_V2/GCC_RISCV_FREERTOS//gap_sdk/rtos/pmsis/bsp/fs/fs.o
LOAD /module/examples/other/wifi-img-streamer/BUILD/GAP8_V2/GCC_RISCV_FREERTOS//gap_sdk/rtos/pmsis/bsp/fs/lfs/lfs.o
LOAD /module/examples/other/wifi-img-streamer/BUILD/GAP8_V2/GCC_RISCV_FREERTOS//gap_sdk/rtos/pmsis/bsp/fs/lfs/lfs_util.o
LOAD /module/examples/other/wifi-img-streamer/BUILD/GAP8_V2/GCC_RISCV_FREERTOS//gap_sdk/rtos/pmsis/bsp/fs/lfs/pi_lfs.o
LOAD /module/examples/other/wifi-img-streamer/BUILD/GAP8_V2/GCC_RISCV_FREERTOS//gap_sdk/rtos/pmsis/bsp/fs/read_fs/read_fs.o
LOAD /module/examples/other/wifi-img-streamer/BUILD/GAP8_V2/GCC_RISCV_FREERTOS//gap_sdk/rtos/pmsis/bsp/fs/host_fs/host_fs.o
LOAD /module/examples/other/wifi-img-streamer/BUILD/GAP8_V2/GCC_RISCV_FREERTOS//gap_sdk/rtos/pmsis/bsp/ota/ota.o
LOAD /module/examples/other/wifi-img-streamer/BUILD/GAP8_V2/GCC_RISCV_FREERTOS//gap_sdk/rtos/pmsis/bsp/ota/ota_utility.o
LOAD /module/examples/other/wifi-img-streamer/BUILD/GAP8_V2/GCC_RISCV_FREERTOS//gap_sdk/rtos/pmsis/bsp/ota/updater.o
LOAD /module/examples/other/wifi-img-streamer/BUILD/GAP8_V2/GCC_RISCV_FREERTOS//gap_sdk/rtos/pmsis/bsp/bootloader/bootloader_utility.o
LOAD /module/examples/other/wifi-img-streamer/BUILD/GAP8_V2/GCC_RISCV_FREERTOS//gap_sdk/rtos/pmsis/bsp/bsp/ai_deck.o
LOAD /module/examples/other/wifi-img-streamer/BUILD/GAP8_V2/GCC_RISCV_FREERTOS//gap_sdk/rtos/pmsis/bsp/camera/camera.o
LOAD /module/examples/other/wifi-img-streamer/BUILD/GAP8_V2/GCC_RISCV_FREERTOS//gap_sdk/rtos/pmsis/bsp/camera/himax/himax.o
LOAD /module/examples/other/wifi-img-streamer/BUILD/GAP8_V2/GCC_RISCV_FREERTOS//gap_sdk/rtos/pmsis/bsp/flash/hyperflash/hyperflash.o
LOAD /module/examples/other/wifi-img-streamer/BUILD/GAP8_V2/GCC_RISCV_FREERTOS//gap_sdk/rtos/pmsis/bsp/ram/hyperram/hyperram.o
LOAD /module/examples/other/wifi-img-streamer/BUILD/GAP8_V2/GCC_RISCV_FREERTOS//gap_sdk/rtos/pmsis/bsp/ram/spiram/spiram.o
LOAD /module/examples/other/wifi-img-streamer/BUILD/GAP8_V2/GCC_RISCV_FREERTOS//gap_sdk/rtos/pmsis/bsp/flash/spiflash/spiflash.o
LOAD /module/examples/other/wifi-img-streamer/BUILD/GAP8_V2/GCC_RISCV_FREERTOS//gap_sdk/rtos/pmsis/bsp/ram/ram.o
LOAD /module/examples/other/wifi-img-streamer/BUILD/GAP8_V2/GCC_RISCV_FREERTOS//gap_sdk/rtos/pmsis/bsp/ram/alloc_extern.o
LOAD /module/examples/other/wifi-img-streamer/BUILD/GAP8_V2/GCC_RISCV_FREERTOS//gap_sdk/rtos/freeRTOS/vendors/gwt/pmsis/rtos/pi_log.o
LOAD /module/examples/other/wifi-img-streamer/BUILD/GAP8_V2/GCC_RISCV_FREERTOS//gap_sdk/rtos/freeRTOS/vendors/gwt/pmsis/rtos/event_kernel/event_kernel.o
LOAD /module/examples/other/wifi-img-streamer/BUILD/GAP8_V2/GCC_RISCV_FREERTOS//gap_sdk/rtos/freeRTOS/vendors/gwt/pmsis/rtos/mem_slab/mem_slab.o
LOAD /module/examples/other/wifi-img-streamer/BUILD/GAP8_V2/GCC_RISCV_FREERTOS//gap_sdk/rtos/freeRTOS/vendors/gwt/pmsis/rtos/malloc/cl_l1_malloc.o
LOAD /module/examples/other/wifi-img-streamer/BUILD/GAP8_V2/GCC_RISCV_FREERTOS//gap_sdk/rtos/freeRTOS/vendors/gwt/pmsis/rtos/malloc/fc_l1_malloc.o
LOAD /module/examples/other/wifi-img-streamer/BUILD/GAP8_V2/GCC_RISCV_FREERTOS//gap_sdk/rtos/freeRTOS/vendors/gwt/pmsis/rtos/malloc/l2_malloc.o
LOAD /module/examples/other/wifi-img-streamer/BUILD/GAP8_V2/GCC_RISCV_FREERTOS//gap_sdk/rtos/freeRTOS/vendors/gwt/pmsis/rtos/malloc/malloc_external.o
LOAD /module/examples/other/wifi-img-streamer/BUILD/GAP8_V2/GCC_RISCV_FREERTOS//gap_sdk/rtos/freeRTOS/vendors/gwt/pmsis/rtos/malloc/malloc_internal.o
LOAD /module/examples/other/wifi-img-streamer/BUILD/GAP8_V2/GCC_RISCV_FREERTOS//gap_sdk/rtos/freeRTOS/vendors/gwt/pmsis/rtos/malloc/pi_malloc.o
LOAD /module/examples/other/wifi-img-streamer/BUILD/GAP8_V2/GCC_RISCV_FREERTOS//gap_sdk/rtos/freeRTOS/vendors/gwt/pmsis/rtos/os/device.o
LOAD /module/examples/other/wifi-img-streamer/BUILD/GAP8_V2/GCC_RISCV_FREERTOS//gap_sdk/rtos/freeRTOS/vendors/gwt/pmsis/rtos/os/pmsis_task.o
LOAD /module/examples/other/wifi-img-streamer/BUILD/GAP8_V2/GCC_RISCV_FREERTOS//gap_sdk/rtos/freeRTOS/vendors/gwt/pmsis/backend/pmsis_backend_native_task_api.o
LOAD /module/examples/other/wifi-img-streamer/BUILD/GAP8_V2/GCC_RISCV_FREERTOS//gap_sdk/rtos/freeRTOS/freertos_kernel/portable/GCC/RI5CY-GAP8/port.o
LOAD /module/examples/other/wifi-img-streamer/BUILD/GAP8_V2/GCC_RISCV_FREERTOS//gap_sdk/rtos/freeRTOS/vendors/gwt/libs/printf/printf.o
LOAD /module/examples/other/wifi-img-streamer/BUILD/GAP8_V2/GCC_RISCV_FREERTOS//gap_sdk/rtos/freeRTOS/freertos_kernel/list.o
LOAD /module/examples/other/wifi-img-streamer/BUILD/GAP8_V2/GCC_RISCV_FREERTOS//gap_sdk/rtos/freeRTOS/freertos_kernel/queue.o
LOAD /module/examples/other/wifi-img-streamer/BUILD/GAP8_V2/GCC_RISCV_FREERTOS//gap_sdk/rtos/freeRTOS/freertos_kernel/tasks.o
LOAD /module/examples/other/wifi-img-streamer/BUILD/GAP8_V2/GCC_RISCV_FREERTOS//gap_sdk/rtos/freeRTOS/freertos_kernel/timers.o
LOAD /module/examples/other/wifi-img-streamer/BUILD/GAP8_V2/GCC_RISCV_FREERTOS//gap_sdk/rtos/freeRTOS/freertos_kernel/event_groups.o
LOAD /module/examples/other/wifi-img-streamer/BUILD/GAP8_V2/GCC_RISCV_FREERTOS//gap_sdk/rtos/freeRTOS/freertos_kernel/stream_buffer.o
LOAD /module/examples/other/wifi-img-streamer/BUILD/GAP8_V2/GCC_RISCV_FREERTOS//gap_sdk/rtos/freeRTOS/demos/gwt/config/gap8/FreeRTOS_util.o
LOAD /usr/lib/gap_riscv_toolchain/bin/../lib/gcc/riscv32-unknown-elf/7.1.1/rv32imcxgap8/ilp32/libgcc.a
                0x0000000000000000                __DYNAMIC = 0x0
                0x0000000000001000                __STACK_FC_SIZE = 0x1000
                0x0000000000000400                __STACK_IRQ_SIZE = 0x400

.l1FcTiny       0x000000001b000000        0x0
                0x000000001b000000                . = ALIGN (0x4)
                0x000000001b000000                __l1FcShared_start = .
 *(.l1FcTiny)
 *(.l1FcTiny.*)
                0x000000001b000000                . = ALIGN (0x4)
                0x000000001b000000                __l1FcShared_end = .
                0x0000000000000000                __l1FcShared_size = (__l1FcShared_end - __l1FcShared_start)

.fcTcdmTiny     0x0000000000000004        0xc load address 0x000000001b000000
 *(.fcTcdmTiny)
 .fcTcdmTiny    0x0000000000000004        0xc /module/examples/other/wifi-img-streamer/BUILD/GAP8_V2/GCC_RISCV_FREERTOS//gap_sdk/rtos/freeRTOS/vendors/gwt/gap8/pmsis/drivers/udma/hyperbus/hyperbus_internal.o
                0x0000000000000004                __global_hyper_fifo_head
                0x0000000000000008                __global_hyper_driver_fifo
                0x000000000000000c                __global_hyper_fifo_tail
 *(.fcTcdmTiny.*)

.fcTcdm
 *(.fcTcdm)
 *(.fcTcdm.*)

.fcTcdm_g       0x000000001b00000c      0x5bc
                0x000000001b000010                . = ALIGN (0x8)
 *fill*         0x000000001b00000c        0x4 
                0x000000001b000010                __fc_tcdm_g_start = .
 *(.fcTcdm_g)
 .fcTcdm_g      0x000000001b000010      0x264 /module/examples/other/wifi-img-streamer/BUILD/GAP8_V2/GCC_RISCV_FREERTOS//gap_sdk/rtos/freeRTOS/vendors/gwt/gap8/pmsis/cluster/drivers/cluster_synchronisation/cl_to_fc_delegate.o
                0x000000001b000010                delegate_task_mask
                0x000000001b000014                delegate_task
 .fcTcdm_g      0x000000001b000274       0xe4 /module/examples/other/wifi-img-streamer/BUILD/GAP8_V2/GCC_RISCV_FREERTOS//gap_sdk/rtos/freeRTOS/vendors/gwt/gap8/pmsis/drivers/fc_event/fc_event.o
 .fcTcdm_g      0x000000001b000358        0x4 /module/examples/other/wifi-img-streamer/BUILD/GAP8_V2/GCC_RISCV_FREERTOS//gap_sdk/rtos/freeRTOS/vendors/gwt/pmsis/rtos/event_kernel/event_kernel.o
                0x000000001b000358                default_sched
 .fcTcdm_g      0x000000001b00035c       0x10 /module/examples/other/wifi-img-streamer/BUILD/GAP8_V2/GCC_RISCV_FREERTOS//gap_sdk/rtos/freeRTOS/vendors/gwt/pmsis/backend/pmsis_backend_native_task_api.o
                0x000000001b00035c                delayed_task
                0x000000001b000364                timer_task
 .fcTcdm_g      0x000000001b00036c      0x258 /module/examples/other/wifi-img-streamer/BUILD/GAP8_V2/GCC_RISCV_FREERTOS//gap_sdk/rtos/freeRTOS/demos/gwt/config/gap8/FreeRTOS_util.o
 *(.fcTcdm_g.*)
                0x000000001b0005c8                . = ALIGN (0x8)
 *fill*         0x000000001b0005c4        0x4 
                0x000000001b0005c8                __fc_tcdm_g_end = .

.stack_irq      0x000000001b0005c8      0x400
                0x000000001b0005c8                . = ALIGN (0x4)
                0x000000001b0005c8                __stack_irq_end__ = .
                0x000000001b0009c8                . = (. + __STACK_IRQ_SIZE)
 *fill*         0x000000001b0005c8      0x400 
                0x000000001b0009c8                __stack_irq_start__ = .

.heapfcram      0x000000001b0009c8     0x1000
                0x000000001b0009c8                . = ALIGN (0x8)
 *(.heapfcram)
 *(.heapfcram.*)
                0x000000001b0009c8                . = ALIGN (0x8)
                0x000000001b0009c8                __heapfcram_start = .
                0x000000001b0009c8                __stack_fc_end__ = .
                0x000000001b0019c8                . = (. + __STACK_FC_SIZE)
 *fill*         0x000000001b0009c8     0x1000 
                0x000000001b0019c8                __stack_fc_start__ = .
                0x0000000000003638                __heapfcram_size = ((ORIGIN (FC_tcdm) + LENGTH (FC_tcdm)) - __heapfcram_start)

.vectors_irq    0x000000001c000000       0x94
                0x000000001c000000                . = ALIGN (0x100)
                0x000000001c000000                __irq_vector_base_m__ = .
 *(.vectors_irq)
 .vectors_irq   0x000000001c000000       0x94 /module/examples/other/wifi-img-streamer/BUILD/GAP8_V2/GCC_RISCV_FREERTOS//gap_sdk/rtos/freeRTOS/vendors/gwt/gap8/src/device/startup_gap8.o
                0x000000001c000090                __rt_debug_struct_ptr

.text           0x000000001c000094     0xf2e4
                0x000000001c000094                . = ALIGN (0x4)
                0x000000001c000094                _stext = .
 *(.text.reset)
 .text.reset    0x000000001c000094       0x7e /module/examples/other/wifi-img-streamer/BUILD/GAP8_V2/GCC_RISCV_FREERTOS//gap_sdk/rtos/freeRTOS/vendors/gwt/gap8/src/device/startup_gap8.o
                0x000000001c000094                reset_handler
 *(.text)
 .text          0x000000001c000112      0x2c8 /module/examples/other/wifi-img-streamer/BUILD/GAP8_V2/GCC_RISCV_FREERTOS//gap_sdk/rtos/freeRTOS/vendors/gwt/gap8/src/device/gap8_iet.o
                0x000000001c000112                default_handler
                0x000000001c000116                cluster_notify_fc_handler
                0x000000001c00014e                pendSV_handler
                0x000000001c0001be                systick_handler
                0x000000001c00023a                hi_res_timer_handler
                0x000000001c000272                fc_event_handler
                0x000000001c0002aa                fc_hyper_handler
                0x000000001c000358                dma_irq_handler
                0x000000001c000380                ecall_handler
                0x000000001c0003d2                ill_ins_handler
 .text          0x000000001c0003da      0x126 /module/examples/other/wifi-img-streamer/BUILD/GAP8_V2/GCC_RISCV_FREERTOS//gap_sdk/rtos/freeRTOS/vendors/gwt/gap8/pmsis/cluster/drivers/cluster_synchronisation/cluster_core.o
                0x000000001c0003da                cluster_exec_loop
                0x000000001c0004f2                cl_slave_stack_setup
 .text          0x000000001c000500       0xd8 /module/examples/other/wifi-img-streamer/BUILD/GAP8_V2/GCC_RISCV_FREERTOS//gap_sdk/rtos/freeRTOS/vendors/gwt/gap8/pmsis/util/asm_util.o
                0x000000001c000500                ASM_FUNC_SAVE_MINIMAL_CONTEXT
                0x000000001c000544                ASM_FUNC_RESTORE_MINIMAL_CONTEXT
                0x000000001c000588                ASM_FUNC_SAVE_SAVE_CONTEXT
                0x000000001c0005a2                ASM_FUNC_RESTORE_SAVE_CONTEXT
                0x000000001c0005bc                ASM_FUNC_SAVE_CSR_CONTEXT
                0x000000001c0005ca                ASM_FUNC_RESTORE_CSR_CONTEXT
 .text          0x000000001c0005d8       0x8e /module/examples/other/wifi-img-streamer/BUILD/GAP8_V2/GCC_RISCV_FREERTOS//gap_sdk/rtos/freeRTOS/freertos_kernel/portable/GCC/RI5CY-GAP8/port_asm.o
                0x000000001c0005d8                xPortStartScheduler
 .text          0x000000001c000666       0x4e /module/examples/other/wifi-img-streamer/BUILD/GAP8_V2/GCC_RISCV_FREERTOS//gap_sdk/rtos/freeRTOS/vendors/gwt/gap8/pmsis/drivers/fc_event/fc_event.o
                0x000000001c000666                fc_soc_event_handler
 .text          0x000000001c0006b4      0x168 /module/examples/other/wifi-img-streamer/BUILD/GAP8_V2/GCC_RISCV_FREERTOS//gap_sdk/rtos/freeRTOS/vendors/gwt/gap8/pmsis/drivers/udma/hyperbus/hyperbus_internal.o
                0x000000001c0006b4                hyper_handler
 .text          0x000000001c00081c      0x5fe /usr/lib/gap_riscv_toolchain/bin/../lib/gcc/riscv32-unknown-elf/7.1.1/rv32imcxgap8/ilp32/libgcc.a(adddf3.o)
                0x000000001c00081c                __adddf3
 .text          0x000000001c000e1a      0x4d2 /usr/lib/gap_riscv_toolchain/bin/../lib/gcc/riscv32-unknown-elf/7.1.1/rv32imcxgap8/ilp32/libgcc.a(divdf3.o)
                0x000000001c000e1a                __divdf3
 .text          0x000000001c0012ec       0x60 /usr/lib/gap_riscv_toolchain/bin/../lib/gcc/riscv32-unknown-elf/7.1.1/rv32imcxgap8/ilp32/libgcc.a(eqdf2.o)
                0x000000001c0012ec                __eqdf2
                0x000000001c0012ec                __nedf2
 .text          0x000000001c00134c       0xae /usr/lib/gap_riscv_toolchain/bin/../lib/gcc/riscv32-unknown-elf/7.1.1/rv32imcxgap8/ilp32/libgcc.a(gedf2.o)
                0x000000001c00134c                __gtdf2
                0x000000001c00134c                __gedf2
 .text          0x000000001c0013fa       0xae /usr/lib/gap_riscv_toolchain/bin/../lib/gcc/riscv32-unknown-elf/7.1.1/rv32imcxgap8/ilp32/libgcc.a(ledf2.o)
                0x000000001c0013fa                __ltdf2
                0x000000001c0013fa                __ledf2
 .text          0x000000001c0014a8      0x43a /usr/lib/gap_riscv_toolchain/bin/../lib/gcc/riscv32-unknown-elf/7.1.1/rv32imcxgap8/ilp32/libgcc.a(muldf3.o)
                0x000000001c0014a8                __muldf3
 .text          0x000000001c0018e2      0x612 /usr/lib/gap_riscv_toolchain/bin/../lib/gcc/riscv32-unknown-elf/7.1.1/rv32imcxgap8/ilp32/libgcc.a(subdf3.o)
                0x000000001c0018e2                __subdf3
 .text          0x000000001c001ef4       0x5c /usr/lib/gap_riscv_toolchain/bin/../lib/gcc/riscv32-unknown-elf/7.1.1/rv32imcxgap8/ilp32/libgcc.a(fixdfsi.o)
                0x000000001c001ef4                __fixdfsi
 .text          0x000000001c001f50       0x52 /usr/lib/gap_riscv_toolchain/bin/../lib/gcc/riscv32-unknown-elf/7.1.1/rv32imcxgap8/ilp32/libgcc.a(fixunsdfsi.o)
                0x000000001c001f50                __fixunsdfsi
 .text          0x000000001c001fa2       0x58 /usr/lib/gap_riscv_toolchain/bin/../lib/gcc/riscv32-unknown-elf/7.1.1/rv32imcxgap8/ilp32/libgcc.a(floatsidf.o)
                0x000000001c001fa2                __floatsidf
 .text          0x000000001c001ffa       0x4c /usr/lib/gap_riscv_toolchain/bin/../lib/gcc/riscv32-unknown-elf/7.1.1/rv32imcxgap8/ilp32/libgcc.a(floatunsidf.o)
                0x000000001c001ffa                __floatunsidf
 *(.text.*)
 .text.rx_task  0x000000001c002046       0x8c /module/examples/other/wifi-img-streamer/BUILD/GAP8_V2/GCC_RISCV_FREERTOS/wifi-img-streamer.o
                0x000000001c002046                rx_task
 .text.capture_done_cb
                0x000000001c0020d2        0xe /module/examples/other/wifi-img-streamer/BUILD/GAP8_V2/GCC_RISCV_FREERTOS/wifi-img-streamer.o
 .text.hb_task  0x000000001c0020e0       0x46 /module/examples/other/wifi-img-streamer/BUILD/GAP8_V2/GCC_RISCV_FREERTOS/wifi-img-streamer.o
                0x000000001c0020e0                hb_task
 .text.start_example
                0x000000001c002126      0x104 /module/examples/other/wifi-img-streamer/BUILD/GAP8_V2/GCC_RISCV_FREERTOS/wifi-img-streamer.o
                0x000000001c002126                start_example
 .text.camera_task
                0x000000001c00222a      0x522 /module/examples/other/wifi-img-streamer/BUILD/GAP8_V2/GCC_RISCV_FREERTOS/wifi-img-streamer.o
                0x000000001c00222a                camera_task
 .text.startup.main
                0x000000001c00274c       0x32 /module/examples/other/wifi-img-streamer/BUILD/GAP8_V2/GCC_RISCV_FREERTOS/wifi-img-streamer.o
                0x000000001c00274c                main
 .text.vDataReadyISR
                0x000000001c00277e       0x2c /module/examples/other/wifi-img-streamer/BUILD/GAP8_V2/GCC_RISCV_FREERTOS/../../../lib/cpx/src/com.o
                0x000000001c00277e                vDataReadyISR
 .text.com_task
                0x000000001c0027aa      0x180 /module/examples/other/wifi-img-streamer/BUILD/GAP8_V2/GCC_RISCV_FREERTOS/../../../lib/cpx/src/com.o
                0x000000001c0027aa                com_task
 .text.com_init
                0x000000001c00292a      0x17c /module/examples/other/wifi-img-streamer/BUILD/GAP8_V2/GCC_RISCV_FREERTOS/../../../lib/cpx/src/com.o
                0x000000001c00292a                com_init
 .text.com_read
                0x000000001c002aa6       0x10 /module/examples/other/wifi-img-streamer/BUILD/GAP8_V2/GCC_RISCV_FREERTOS/../../../lib/cpx/src/com.o
                0x000000001c002aa6                com_read
 .text.com_write
                0x000000001c002ab6       0x32 /module/examples/other/wifi-img-streamer/BUILD/GAP8_V2/GCC_RISCV_FREERTOS/../../../lib/cpx/src/com.o
                0x000000001c002ab6                com_write
 .text.cpx_rx_task
                0x000000001c002ae8       0xb6 /module/examples/other/wifi-img-streamer/BUILD/GAP8_V2/GCC_RISCV_FREERTOS/../../../lib/cpx/src/cpx.o
 .text.cpxEnableFunction
                0x000000001c002b9e       0x2a /module/examples/other/wifi-img-streamer/BUILD/GAP8_V2/GCC_RISCV_FREERTOS/../../../lib/cpx/src/cpx.o
                0x000000001c002b9e                cpxEnableFunction
 .text.cpxReceivePacketBlocking
                0x000000001c002bc8       0x14 /module/examples/other/wifi-img-streamer/BUILD/GAP8_V2/GCC_RISCV_FREERTOS/../../../lib/cpx/src/cpx.o
                0x000000001c002bc8                cpxReceivePacketBlocking
 .text.cpxSendPacketBlocking
                0x000000001c002bdc       0x6a /module/examples/other/wifi-img-streamer/BUILD/GAP8_V2/GCC_RISCV_FREERTOS/../../../lib/cpx/src/cpx.o
                0x000000001c002bdc                cpxSendPacketBlocking
 .text.cpxPrintToConsole
                0x000000001c002c46       0xea /module/examples/other/wifi-img-streamer/BUILD/GAP8_V2/GCC_RISCV_FREERTOS/../../../lib/cpx/src/cpx.o
                0x000000001c002c46                cpxPrintToConsole
 .text.cpxInitRoute
                0x000000001c002d30       0x12 /module/examples/other/wifi-img-streamer/BUILD/GAP8_V2/GCC_RISCV_FREERTOS/../../../lib/cpx/src/cpx.o
                0x000000001c002d30                cpxInitRoute
 .text.cpxInit  0x000000001c002d42       0x66 /module/examples/other/wifi-img-streamer/BUILD/GAP8_V2/GCC_RISCV_FREERTOS/../../../lib/cpx/src/cpx.o
                0x000000001c002d42                cpxInit
 .text.Dct8x8   0x000000001c002da8      0x1e8 /module/examples/other/wifi-img-streamer/BUILD/GAP8_V2/GCC_RISCV_FREERTOS//gap_sdk/libs/gap_lib/jpeg/dct.o
                0x000000001c002da8                Dct8x8
 .text.process_du
                0x000000001c002f90      0x66c /module/examples/other/wifi-img-streamer/BUILD/GAP8_V2/GCC_RISCV_FREERTOS//gap_sdk/libs/gap_lib/jpeg/jpeg_encoder.o
                0x000000001c002f90                process_du
 .text.jpeg_encoder_process_async
                0x000000001c0035fc     0x1114 /module/examples/other/wifi-img-streamer/BUILD/GAP8_V2/GCC_RISCV_FREERTOS//gap_sdk/libs/gap_lib/jpeg/jpeg_encoder.o
                0x000000001c0035fc                jpeg_encoder_process_async
 .text.jpeg_encoder_process
                0x000000001c004710       0x40 /module/examples/other/wifi-img-streamer/BUILD/GAP8_V2/GCC_RISCV_FREERTOS//gap_sdk/libs/gap_lib/jpeg/jpeg_encoder.o
                0x000000001c004710                jpeg_encoder_process
 .text.jpeg_encoder_open
                0x000000001c004750       0x20 /module/examples/other/wifi-img-streamer/BUILD/GAP8_V2/GCC_RISCV_FREERTOS//gap_sdk/libs/gap_lib/jpeg/jpeg_encoder.o
                0x000000001c004750                jpeg_encoder_open
 .text.jpeg_encoder_conf_init
                0x000000001c004770        0xe /module/examples/other/wifi-img-streamer/BUILD/GAP8_V2/GCC_RISCV_FREERTOS//gap_sdk/libs/gap_lib/jpeg/jpeg_encoder.o
                0x000000001c004770                jpeg_encoder_conf_init
 .text.jpeg_encoder_header
                0x000000001c00477e      0x430 /module/examples/other/wifi-img-streamer/BUILD/GAP8_V2/GCC_RISCV_FREERTOS//gap_sdk/libs/gap_lib/jpeg/jpeg_encoder.o
                0x000000001c00477e                jpeg_encoder_header
 .text.jpeg_encoder_footer
                0x000000001c004bae       0x14 /module/examples/other/wifi-img-streamer/BUILD/GAP8_V2/GCC_RISCV_FREERTOS//gap_sdk/libs/gap_lib/jpeg/jpeg_encoder.o
                0x000000001c004bae                jpeg_encoder_footer
 .text.exec_quantization
                0x000000001c004bc2      0x164 /module/examples/other/wifi-img-streamer/BUILD/GAP8_V2/GCC_RISCV_FREERTOS//gap_sdk/libs/gap_lib/jpeg/cluster.o
 .text.AppendBytes_cl
                0x000000001c004d26      0x268 /module/examples/other/wifi-img-streamer/BUILD/GAP8_V2/GCC_RISCV_FREERTOS//gap_sdk/libs/gap_lib/jpeg/cluster.o
 .text.exec_check_bitstream
                0x000000001c004f8e      0x6d8 /module/examples/other/wifi-img-streamer/BUILD/GAP8_V2/GCC_RISCV_FREERTOS//gap_sdk/libs/gap_lib/jpeg/cluster.o
 .text.process_du_cluster
                0x000000001c005666       0xc8 /module/examples/other/wifi-img-streamer/BUILD/GAP8_V2/GCC_RISCV_FREERTOS//gap_sdk/libs/gap_lib/jpeg/cluster.o
                0x000000001c005666                process_du_cluster
 .text.__jpeg_encoder_process_pe_entry
                0x000000001c00572e      0x558 /module/examples/other/wifi-img-streamer/BUILD/GAP8_V2/GCC_RISCV_FREERTOS//gap_sdk/libs/gap_lib/jpeg/cluster.o
 .text.__jpeg_encoder_process_cl_entry
                0x000000001c005c86      0x4ec /module/examples/other/wifi-img-streamer/BUILD/GAP8_V2/GCC_RISCV_FREERTOS//gap_sdk/libs/gap_lib/jpeg/cluster.o
 .text.__jpeg_encoder_process_cl
                0x000000001c006172       0x48 /module/examples/other/wifi-img-streamer/BUILD/GAP8_V2/GCC_RISCV_FREERTOS//gap_sdk/libs/gap_lib/jpeg/cluster.o
                0x000000001c006172                __jpeg_encoder_process_cl
 .text.system_init
                0x000000001c0061ba       0x5e /module/examples/other/wifi-img-streamer/BUILD/GAP8_V2/GCC_RISCV_FREERTOS//gap_sdk/rtos/freeRTOS/vendors/gwt/gap8/src/device/system_gap8.o
                0x000000001c0061ba                system_init
 .text.system_setup_systick
                0x000000001c006218       0x38 /module/examples/other/wifi-img-streamer/BUILD/GAP8_V2/GCC_RISCV_FREERTOS//gap_sdk/rtos/freeRTOS/vendors/gwt/gap8/src/device/system_gap8.o
                0x000000001c006218                system_setup_systick
 .text.system_core_clock_update
                0x000000001c006250       0x54 /module/examples/other/wifi-img-streamer/BUILD/GAP8_V2/GCC_RISCV_FREERTOS//gap_sdk/rtos/freeRTOS/vendors/gwt/gap8/src/device/system_gap8.o
                0x000000001c006250                system_core_clock_update
 .text.system_setup_timer
                0x000000001c0062a4        0xc /module/examples/other/wifi-img-streamer/BUILD/GAP8_V2/GCC_RISCV_FREERTOS//gap_sdk/rtos/freeRTOS/vendors/gwt/gap8/src/device/system_gap8.o
                0x000000001c0062a4                system_setup_timer
 .text.system_core_clock_get
                0x000000001c0062b0        0xa /module/examples/other/wifi-img-streamer/BUILD/GAP8_V2/GCC_RISCV_FREERTOS//gap_sdk/rtos/freeRTOS/vendors/gwt/gap8/src/device/system_gap8.o
                0x000000001c0062b0                system_core_clock_get
 .text.system_exit
                0x000000001c0062ba       0x6e /module/examples/other/wifi-img-streamer/BUILD/GAP8_V2/GCC_RISCV_FREERTOS//gap_sdk/rtos/freeRTOS/vendors/gwt/gap8/src/device/system_gap8.o
                0x000000001c0062ba                system_exit
 .text._procid  0x000000001c006328        0xa /module/examples/other/wifi-img-streamer/BUILD/GAP8_V2/GCC_RISCV_FREERTOS//gap_sdk/rtos/freeRTOS/vendors/gwt/gap8/src/device/gap8_it.o
                0x000000001c006328                _procid
 .text._clusterid
                0x000000001c006332        0x8 /module/examples/other/wifi-img-streamer/BUILD/GAP8_V2/GCC_RISCV_FREERTOS//gap_sdk/rtos/freeRTOS/vendors/gwt/gap8/src/device/gap8_it.o
                0x000000001c006332                _clusterid
 .text._isr_default
                0x000000001c00633a        0xe /module/examples/other/wifi-img-streamer/BUILD/GAP8_V2/GCC_RISCV_FREERTOS//gap_sdk/rtos/freeRTOS/vendors/gwt/gap8/src/device/gap8_it.o
                0x000000001c00633a                _isr_default
 .text.vSetPendSV
                0x000000001c006348        0xa /module/examples/other/wifi-img-streamer/BUILD/GAP8_V2/GCC_RISCV_FREERTOS//gap_sdk/rtos/freeRTOS/vendors/gwt/gap8/src/device/gap8_it.o
                0x000000001c006348                vSetPendSV
 .text._ill_insn_print
                0x000000001c006352        0xa /module/examples/other/wifi-img-streamer/BUILD/GAP8_V2/GCC_RISCV_FREERTOS//gap_sdk/rtos/freeRTOS/vendors/gwt/gap8/src/device/gap8_it.o
                0x000000001c006352                _ill_insn_print
 .text.__uart_putc_cluster_req
                0x000000001c00635c       0x48 /module/examples/other/wifi-img-streamer/BUILD/GAP8_V2/GCC_RISCV_FREERTOS//gap_sdk/rtos/freeRTOS/vendors/gwt/gap8/src/driver/gap_io.o
 .text.printf_uart_init
                0x000000001c0063a4       0x5e /module/examples/other/wifi-img-streamer/BUILD/GAP8_V2/GCC_RISCV_FREERTOS//gap_sdk/rtos/freeRTOS/vendors/gwt/gap8/src/driver/gap_io.o
                0x000000001c0063a4                printf_uart_init
 .text._putchar
                0x000000001c006402      0x126 /module/examples/other/wifi-img-streamer/BUILD/GAP8_V2/GCC_RISCV_FREERTOS//gap_sdk/rtos/freeRTOS/vendors/gwt/gap8/src/driver/gap_io.o
                0x000000001c006402                _putchar
 .text.system_exit_printf_flush
                0x000000001c006528       0x96 /module/examples/other/wifi-img-streamer/BUILD/GAP8_V2/GCC_RISCV_FREERTOS//gap_sdk/rtos/freeRTOS/vendors/gwt/gap8/src/driver/gap_io.o
                0x000000001c006528                system_exit_printf_flush
 .text.exit     0x000000001c0065be        0x8 /module/examples/other/wifi-img-streamer/BUILD/GAP8_V2/GCC_RISCV_FREERTOS//gap_sdk/rtos/freeRTOS/vendors/gwt/libs/src/stdlib.o
                0x000000001c0065be                exit
 .text.memcpy   0x000000001c0065c6      0x10a /module/examples/other/wifi-img-streamer/BUILD/GAP8_V2/GCC_RISCV_FREERTOS//gap_sdk/rtos/freeRTOS/vendors/gwt/libs/src/string.o
                0x000000001c0065c6                memcpy
 .text.memset   0x000000001c0066d0       0xb6 /module/examples/other/wifi-img-streamer/BUILD/GAP8_V2/GCC_RISCV_FREERTOS//gap_sdk/rtos/freeRTOS/vendors/gwt/libs/src/string.o
                0x000000001c0066d0                memset
 .text.cl_notify_fc_event_handler
                0x000000001c006786       0x9c /module/examples/other/wifi-img-streamer/BUILD/GAP8_V2/GCC_RISCV_FREERTOS//gap_sdk/rtos/freeRTOS/vendors/gwt/gap8/pmsis/cluster/drivers/cluster_synchronisation/cl_to_fc_delegate.o
                0x000000001c006786                cl_notify_fc_event_handler
 .text.pi_cl_send_task_to_fc
                0x000000001c006822       0x42 /module/examples/other/wifi-img-streamer/BUILD/GAP8_V2/GCC_RISCV_FREERTOS//gap_sdk/rtos/freeRTOS/vendors/gwt/gap8/pmsis/cluster/drivers/cluster_synchronisation/cl_to_fc_delegate.o
                0x000000001c006822                pi_cl_send_task_to_fc
 .text.cl_task_finish
                0x000000001c006864       0x78 /module/examples/other/wifi-img-streamer/BUILD/GAP8_V2/GCC_RISCV_FREERTOS//gap_sdk/rtos/freeRTOS/vendors/gwt/gap8/pmsis/cluster/drivers/cluster_synchronisation/fc_to_cl_delegate.o
                0x000000001c006864                cl_task_finish
 .text.pi_cluster_send_task_to_cl
                0x000000001c0068dc       0xdc /module/examples/other/wifi-img-streamer/BUILD/GAP8_V2/GCC_RISCV_FREERTOS//gap_sdk/rtos/freeRTOS/vendors/gwt/gap8/pmsis/cluster/drivers/cluster_synchronisation/fc_to_cl_delegate.o
                0x000000001c0068dc                pi_cluster_send_task_to_cl
 .text.pi_cl_dma_2d_handler
                0x000000001c0069b8       0x94 /module/examples/other/wifi-img-streamer/BUILD/GAP8_V2/GCC_RISCV_FREERTOS//gap_sdk/rtos/freeRTOS/vendors/gwt/gap8/pmsis/cluster/drivers/dma/cl_dma_irq.o
                0x000000001c0069b8                pi_cl_dma_2d_handler
 .text.fc_event_null_event
                0x000000001c006a4c        0x2 /module/examples/other/wifi-img-streamer/BUILD/GAP8_V2/GCC_RISCV_FREERTOS//gap_sdk/rtos/freeRTOS/vendors/gwt/gap8/pmsis/drivers/fc_event/fc_event.o
 .text.pi_fc_event_handler_init
                0x000000001c006a4e       0x30 /module/examples/other/wifi-img-streamer/BUILD/GAP8_V2/GCC_RISCV_FREERTOS//gap_sdk/rtos/freeRTOS/vendors/gwt/gap8/pmsis/drivers/fc_event/fc_event.o
                0x000000001c006a4e                pi_fc_event_handler_init
 .text.pi_fc_event_handler_set
                0x000000001c006a7e       0x10 /module/examples/other/wifi-img-streamer/BUILD/GAP8_V2/GCC_RISCV_FREERTOS//gap_sdk/rtos/freeRTOS/vendors/gwt/gap8/pmsis/drivers/fc_event/fc_event.o
                0x000000001c006a7e                pi_fc_event_handler_set
 .text.pi_fc_event_handler_clear
                0x000000001c006a8e       0x18 /module/examples/other/wifi-img-streamer/BUILD/GAP8_V2/GCC_RISCV_FREERTOS//gap_sdk/rtos/freeRTOS/vendors/gwt/gap8/pmsis/drivers/fc_event/fc_event.o
                0x000000001c006a8e                pi_fc_event_handler_clear
 .text.pi_fll_init
                0x000000001c006aa6       0xd2 /module/examples/other/wifi-img-streamer/BUILD/GAP8_V2/GCC_RISCV_FREERTOS//gap_sdk/rtos/freeRTOS/vendors/gwt/gap8/pmsis/drivers/fll/fll.o
                0x000000001c006aa6                pi_fll_init
 .text.pi_fll_frequency_set
                0x000000001c006b78       0xb0 /module/examples/other/wifi-img-streamer/BUILD/GAP8_V2/GCC_RISCV_FREERTOS//gap_sdk/rtos/freeRTOS/vendors/gwt/gap8/pmsis/drivers/fll/fll.o
                0x000000001c006b78                pi_fll_frequency_set
 .text.pi_fll_frequency_get
                0x000000001c006c28       0x46 /module/examples/other/wifi-img-streamer/BUILD/GAP8_V2/GCC_RISCV_FREERTOS//gap_sdk/rtos/freeRTOS/vendors/gwt/gap8/pmsis/drivers/fll/fll.o
                0x000000001c006c28                pi_fll_frequency_get
 .text.pi_freq_callback_add
                0x000000001c006c6e       0x28 /module/examples/other/wifi-img-streamer/BUILD/GAP8_V2/GCC_RISCV_FREERTOS//gap_sdk/rtos/freeRTOS/vendors/gwt/gap8/pmsis/drivers/fll/fll.o
                0x000000001c006c6e                pi_freq_callback_add
 .text.pi_freq_callback_remove
                0x000000001c006c96       0x46 /module/examples/other/wifi-img-streamer/BUILD/GAP8_V2/GCC_RISCV_FREERTOS//gap_sdk/rtos/freeRTOS/vendors/gwt/gap8/pmsis/drivers/fll/fll.o
                0x000000001c006c96                pi_freq_callback_remove
 .text.gpio_handler
                0x000000001c006cdc       0xa0 /module/examples/other/wifi-img-streamer/BUILD/GAP8_V2/GCC_RISCV_FREERTOS//gap_sdk/rtos/freeRTOS/vendors/gwt/gap8/pmsis/drivers/gpio/gpio.o
 .text.pi_gpio_conf_init
                0x000000001c006d7c        0xa /module/examples/other/wifi-img-streamer/BUILD/GAP8_V2/GCC_RISCV_FREERTOS//gap_sdk/rtos/freeRTOS/vendors/gwt/gap8/pmsis/drivers/gpio/gpio.o
                0x000000001c006d7c                pi_gpio_conf_init
 .text.pi_gpio_open
                0x000000001c006d86       0xae /module/examples/other/wifi-img-streamer/BUILD/GAP8_V2/GCC_RISCV_FREERTOS//gap_sdk/rtos/freeRTOS/vendors/gwt/gap8/pmsis/drivers/gpio/gpio.o
                0x000000001c006d86                pi_gpio_open
 .text.pi_gpio_pin_configure
                0x000000001c006e34       0xde /module/examples/other/wifi-img-streamer/BUILD/GAP8_V2/GCC_RISCV_FREERTOS//gap_sdk/rtos/freeRTOS/vendors/gwt/gap8/pmsis/drivers/gpio/gpio.o
                0x000000001c006e34                pi_gpio_pin_configure
 .text.pi_gpio_pin_write
                0x000000001c006f12       0x36 /module/examples/other/wifi-img-streamer/BUILD/GAP8_V2/GCC_RISCV_FREERTOS//gap_sdk/rtos/freeRTOS/vendors/gwt/gap8/pmsis/drivers/gpio/gpio.o
                0x000000001c006f12                pi_gpio_pin_write
 .text.pi_gpio_pin_read
                0x000000001c006f48       0x4a /module/examples/other/wifi-img-streamer/BUILD/GAP8_V2/GCC_RISCV_FREERTOS//gap_sdk/rtos/freeRTOS/vendors/gwt/gap8/pmsis/drivers/gpio/gpio.o
                0x000000001c006f48                pi_gpio_pin_read
 .text.pi_gpio_pin_notif_configure
                0x000000001c006f92       0x72 /module/examples/other/wifi-img-streamer/BUILD/GAP8_V2/GCC_RISCV_FREERTOS//gap_sdk/rtos/freeRTOS/vendors/gwt/gap8/pmsis/drivers/gpio/gpio.o
                0x000000001c006f92                pi_gpio_pin_notif_configure
 .text.pi_gpio_callback_add
                0x000000001c007004       0x22 /module/examples/other/wifi-img-streamer/BUILD/GAP8_V2/GCC_RISCV_FREERTOS//gap_sdk/rtos/freeRTOS/vendors/gwt/gap8/pmsis/drivers/gpio/gpio.o
                0x000000001c007004                pi_gpio_callback_add
 .text.pi_pad_set_function
                0x000000001c007026       0x38 /module/examples/other/wifi-img-streamer/BUILD/GAP8_V2/GCC_RISCV_FREERTOS//gap_sdk/rtos/freeRTOS/vendors/gwt/gap8/pmsis/drivers/pad/pad.o
                0x000000001c007026                pi_pad_set_function
 .text.pi_pad_init
                0x000000001c00705e       0x26 /module/examples/other/wifi-img-streamer/BUILD/GAP8_V2/GCC_RISCV_FREERTOS//gap_sdk/rtos/freeRTOS/vendors/gwt/gap8/pmsis/drivers/pad/pad.o
                0x000000001c00705e                pi_pad_init
 .text.__pi_pmu_handler
                0x000000001c007084       0x1e /module/examples/other/wifi-img-streamer/BUILD/GAP8_V2/GCC_RISCV_FREERTOS//gap_sdk/rtos/freeRTOS/vendors/gwt/gap8/pmsis/drivers/pmu/pmu_internal.o
 .text.__pi_pmu_init
                0x000000001c0070a2       0xfa /module/examples/other/wifi-img-streamer/BUILD/GAP8_V2/GCC_RISCV_FREERTOS//gap_sdk/rtos/freeRTOS/vendors/gwt/gap8/pmsis/drivers/pmu/pmu_internal.o
                0x000000001c0070a2                __pi_pmu_init
 .text.__pi_pmu_voltage_set
                0x000000001c00719c      0x140 /module/examples/other/wifi-img-streamer/BUILD/GAP8_V2/GCC_RISCV_FREERTOS//gap_sdk/rtos/freeRTOS/vendors/gwt/gap8/pmsis/drivers/pmu/pmu_internal.o
                0x000000001c00719c                __pi_pmu_voltage_set
 .text.pi_timer_init
                0x000000001c0072dc       0x34 /module/examples/other/wifi-img-streamer/BUILD/GAP8_V2/GCC_RISCV_FREERTOS//gap_sdk/rtos/freeRTOS/vendors/gwt/gap8/pmsis/drivers/timer/timer.o
                0x000000001c0072dc                pi_timer_init
 .text.pi_timer_stop
                0x000000001c007310       0x28 /module/examples/other/wifi-img-streamer/BUILD/GAP8_V2/GCC_RISCV_FREERTOS//gap_sdk/rtos/freeRTOS/vendors/gwt/gap8/pmsis/drivers/timer/timer.o
                0x000000001c007310                pi_timer_stop
 .text.__pi_hyper_copy_aligned.isra.6
                0x000000001c007338       0x48 /module/examples/other/wifi-img-streamer/BUILD/GAP8_V2/GCC_RISCV_FREERTOS//gap_sdk/rtos/freeRTOS/vendors/gwt/gap8/pmsis/drivers/udma/hyperbus/hyperbus_internal.o
 .text.__pi_hyper_copy_misaligned
                0x000000001c007380      0x2ee /module/examples/other/wifi-img-streamer/BUILD/GAP8_V2/GCC_RISCV_FREERTOS//gap_sdk/rtos/freeRTOS/vendors/gwt/gap8/pmsis/drivers/udma/hyperbus/hyperbus_internal.o
 .text.pi_cpi_conf_init
                0x000000001c00766e        0x2 /module/examples/other/wifi-img-streamer/BUILD/GAP8_V2/GCC_RISCV_FREERTOS//gap_sdk/rtos/freeRTOS/vendors/gwt/gap8/pmsis/drivers/udma/cpi/cpi.o
                0x000000001c00766e                pi_cpi_conf_init
 .text.pi_cpi_open
                0x000000001c007670        0x8 /module/examples/other/wifi-img-streamer/BUILD/GAP8_V2/GCC_RISCV_FREERTOS//gap_sdk/rtos/freeRTOS/vendors/gwt/gap8/pmsis/drivers/udma/cpi/cpi.o
                0x000000001c007670                pi_cpi_open
 .text.pi_cpi_close
                0x000000001c007678       0x1e /module/examples/other/wifi-img-streamer/BUILD/GAP8_V2/GCC_RISCV_FREERTOS//gap_sdk/rtos/freeRTOS/vendors/gwt/gap8/pmsis/drivers/udma/cpi/cpi.o
                0x000000001c007678                pi_cpi_close
 .text.pi_cpi_capture_async
                0x000000001c007696        0x4 /module/examples/other/wifi-img-streamer/BUILD/GAP8_V2/GCC_RISCV_FREERTOS//gap_sdk/rtos/freeRTOS/vendors/gwt/gap8/pmsis/drivers/udma/cpi/cpi.o
                0x000000001c007696                pi_cpi_capture_async
 .text.__pi_cpi_handler
                0x000000001c00769a      0x204 /module/examples/other/wifi-img-streamer/BUILD/GAP8_V2/GCC_RISCV_FREERTOS//gap_sdk/rtos/freeRTOS/vendors/gwt/gap8/pmsis/drivers/udma/cpi/cpi_internal.o
 .text.__pi_cpi_conf_init
                0x000000001c00789e        0xc /module/examples/other/wifi-img-streamer/BUILD/GAP8_V2/GCC_RISCV_FREERTOS//gap_sdk/rtos/freeRTOS/vendors/gwt/gap8/pmsis/drivers/udma/cpi/cpi_internal.o
                0x000000001c00789e                __pi_cpi_conf_init
 .text.__pi_cpi_open
                0x000000001c0078aa       0xfc /module/examples/other/wifi-img-streamer/BUILD/GAP8_V2/GCC_RISCV_FREERTOS//gap_sdk/rtos/freeRTOS/vendors/gwt/gap8/pmsis/drivers/udma/cpi/cpi_internal.o
                0x000000001c0078aa                __pi_cpi_open
 .text.__pi_cpi_close
                0x000000001c0079a6       0x84 /module/examples/other/wifi-img-streamer/BUILD/GAP8_V2/GCC_RISCV_FREERTOS//gap_sdk/rtos/freeRTOS/vendors/gwt/gap8/pmsis/drivers/udma/cpi/cpi_internal.o
                0x000000001c0079a6                __pi_cpi_close
 .text.__pi_cpi_copy
                0x000000001c007a2a      0x114 /module/examples/other/wifi-img-streamer/BUILD/GAP8_V2/GCC_RISCV_FREERTOS//gap_sdk/rtos/freeRTOS/vendors/gwt/gap8/pmsis/drivers/udma/cpi/cpi_internal.o
                0x000000001c007a2a                __pi_cpi_copy
 .text.pi_i2c_conf_init
                0x000000001c007b3e        0x2 /module/examples/other/wifi-img-streamer/BUILD/GAP8_V2/GCC_RISCV_FREERTOS//gap_sdk/rtos/freeRTOS/vendors/gwt/gap8/pmsis/drivers/udma/i2c/i2c.o
                0x000000001c007b3e                pi_i2c_conf_init
 .text.pi_i2c_open
                0x000000001c007b40        0x8 /module/examples/other/wifi-img-streamer/BUILD/GAP8_V2/GCC_RISCV_FREERTOS//gap_sdk/rtos/freeRTOS/vendors/gwt/gap8/pmsis/drivers/udma/i2c/i2c.o
                0x000000001c007b40                pi_i2c_open
 .text.pi_i2c_read
                0x000000001c007b48       0x46 /module/examples/other/wifi-img-streamer/BUILD/GAP8_V2/GCC_RISCV_FREERTOS//gap_sdk/rtos/freeRTOS/vendors/gwt/gap8/pmsis/drivers/udma/i2c/i2c.o
                0x000000001c007b48                pi_i2c_read
 .text.pi_i2c_write
                0x000000001c007b8e       0x46 /module/examples/other/wifi-img-streamer/BUILD/GAP8_V2/GCC_RISCV_FREERTOS//gap_sdk/rtos/freeRTOS/vendors/gwt/gap8/pmsis/drivers/udma/i2c/i2c.o
                0x000000001c007b8e                pi_i2c_write
 .text.__pi_i2c_copy_exec_read
                0x000000001c007bd4       0xda /module/examples/other/wifi-img-streamer/BUILD/GAP8_V2/GCC_RISCV_FREERTOS//gap_sdk/rtos/freeRTOS/vendors/gwt/gap8/pmsis/drivers/udma/i2c/i2c_internal.o
 .text.__pi_i2c_copy_exec_write
                0x000000001c007cae       0xf0 /module/examples/other/wifi-img-streamer/BUILD/GAP8_V2/GCC_RISCV_FREERTOS//gap_sdk/rtos/freeRTOS/vendors/gwt/gap8/pmsis/drivers/udma/i2c/i2c_internal.o
 .text.__pi_i2c_handler
                0x000000001c007d9e      0x12a /module/examples/other/wifi-img-streamer/BUILD/GAP8_V2/GCC_RISCV_FREERTOS//gap_sdk/rtos/freeRTOS/vendors/gwt/gap8/pmsis/drivers/udma/i2c/i2c_internal.o
 .text.__pi_i2c_freq_cb
                0x000000001c007ec8       0x7c /module/examples/other/wifi-img-streamer/BUILD/GAP8_V2/GCC_RISCV_FREERTOS//gap_sdk/rtos/freeRTOS/vendors/gwt/gap8/pmsis/drivers/udma/i2c/i2c_internal.o
 .text.__pi_i2c_conf_init
                0x000000001c007f44       0x18 /module/examples/other/wifi-img-streamer/BUILD/GAP8_V2/GCC_RISCV_FREERTOS//gap_sdk/rtos/freeRTOS/vendors/gwt/gap8/pmsis/drivers/udma/i2c/i2c_internal.o
                0x000000001c007f44                __pi_i2c_conf_init
 .text.__pi_i2c_open
                0x000000001c007f5c      0x1fa /module/examples/other/wifi-img-streamer/BUILD/GAP8_V2/GCC_RISCV_FREERTOS//gap_sdk/rtos/freeRTOS/vendors/gwt/gap8/pmsis/drivers/udma/i2c/i2c_internal.o
                0x000000001c007f5c                __pi_i2c_open
 .text.__pi_i2c_copy
                0x000000001c008156       0x6a /module/examples/other/wifi-img-streamer/BUILD/GAP8_V2/GCC_RISCV_FREERTOS//gap_sdk/rtos/freeRTOS/vendors/gwt/gap8/pmsis/drivers/udma/i2c/i2c_internal.o
                0x000000001c008156                __pi_i2c_copy
 .text.pi_spi_open
                0x000000001c0081c0       0x1c /module/examples/other/wifi-img-streamer/BUILD/GAP8_V2/GCC_RISCV_FREERTOS//gap_sdk/rtos/freeRTOS/vendors/gwt/gap8/pmsis/drivers/udma/spi/spi.o
                0x000000001c0081c0                pi_spi_open
 .text.pi_spi_transfer
                0x000000001c0081dc       0x48 /module/examples/other/wifi-img-streamer/BUILD/GAP8_V2/GCC_RISCV_FREERTOS//gap_sdk/rtos/freeRTOS/vendors/gwt/gap8/pmsis/drivers/udma/spi/spi.o
                0x000000001c0081dc                pi_spi_transfer
 .text.__pi_spi_freq_cb
                0x000000001c008224       0x84 /module/examples/other/wifi-img-streamer/BUILD/GAP8_V2/GCC_RISCV_FREERTOS//gap_sdk/rtos/freeRTOS/vendors/gwt/gap8/pmsis/drivers/udma/spi/spi_internal.o
                0x000000001c008224                __pi_spi_freq_cb
 .text.pi_spi_conf_init
                0x000000001c0082a8       0x26 /module/examples/other/wifi-img-streamer/BUILD/GAP8_V2/GCC_RISCV_FREERTOS//gap_sdk/rtos/freeRTOS/vendors/gwt/gap8/pmsis/drivers/udma/spi/spi_internal.o
                0x000000001c0082a8                pi_spi_conf_init
 .text.__pi_spi_open
                0x000000001c0082ce      0x300 /module/examples/other/wifi-img-streamer/BUILD/GAP8_V2/GCC_RISCV_FREERTOS//gap_sdk/rtos/freeRTOS/vendors/gwt/gap8/pmsis/drivers/udma/spi/spi_internal.o
                0x000000001c0082ce                __pi_spi_open
 .text.__pi_spi_receive_async
                0x000000001c0085ce      0x110 /module/examples/other/wifi-img-streamer/BUILD/GAP8_V2/GCC_RISCV_FREERTOS//gap_sdk/rtos/freeRTOS/vendors/gwt/gap8/pmsis/drivers/udma/spi/spi_internal.o
                0x000000001c0085ce                __pi_spi_receive_async
 .text.__pi_spi_send_async
                0x000000001c0086de      0x146 /module/examples/other/wifi-img-streamer/BUILD/GAP8_V2/GCC_RISCV_FREERTOS//gap_sdk/rtos/freeRTOS/vendors/gwt/gap8/pmsis/drivers/udma/spi/spi_internal.o
                0x000000001c0086de                __pi_spi_send_async
 .text.__pi_spi_xfer_async
                0x000000001c008824      0x138 /module/examples/other/wifi-img-streamer/BUILD/GAP8_V2/GCC_RISCV_FREERTOS//gap_sdk/rtos/freeRTOS/vendors/gwt/gap8/pmsis/drivers/udma/spi/spi_internal.o
                0x000000001c008824                __pi_spi_xfer_async
 .text.__pi_spi_copy_async
                0x000000001c00895c      0x792 /module/examples/other/wifi-img-streamer/BUILD/GAP8_V2/GCC_RISCV_FREERTOS//gap_sdk/rtos/freeRTOS/vendors/gwt/gap8/pmsis/drivers/udma/spi/spi_internal.o
                0x000000001c00895c                __pi_spi_copy_async
 .text.__pi_spi_copy_async_2d
                0x000000001c0090ee      0x700 /module/examples/other/wifi-img-streamer/BUILD/GAP8_V2/GCC_RISCV_FREERTOS//gap_sdk/rtos/freeRTOS/vendors/gwt/gap8/pmsis/drivers/udma/spi/spi_internal.o
                0x000000001c0090ee                __pi_spi_copy_async_2d
 .text.spim_eot_handler
                0x000000001c0097ee      0x872 /module/examples/other/wifi-img-streamer/BUILD/GAP8_V2/GCC_RISCV_FREERTOS//gap_sdk/rtos/freeRTOS/vendors/gwt/gap8/pmsis/drivers/udma/spi/spi_internal.o
                0x000000001c0097ee                spim_eot_handler
 .text.spim_tx_handler
                0x000000001c00a060       0x3e /module/examples/other/wifi-img-streamer/BUILD/GAP8_V2/GCC_RISCV_FREERTOS//gap_sdk/rtos/freeRTOS/vendors/gwt/gap8/pmsis/drivers/udma/spi/spi_internal.o
                0x000000001c00a060                spim_tx_handler
 .text.spim_rx_handler
                0x000000001c00a09e       0x3a /module/examples/other/wifi-img-streamer/BUILD/GAP8_V2/GCC_RISCV_FREERTOS//gap_sdk/rtos/freeRTOS/vendors/gwt/gap8/pmsis/drivers/udma/spi/spi_internal.o
                0x000000001c00a09e                spim_rx_handler
 .text.pi_uart_conf_init
                0x000000001c00a0d8        0x2 /module/examples/other/wifi-img-streamer/BUILD/GAP8_V2/GCC_RISCV_FREERTOS//gap_sdk/rtos/freeRTOS/vendors/gwt/gap8/pmsis/drivers/udma/uart/uart.o
                0x000000001c00a0d8                pi_uart_conf_init
 .text.pi_uart_open
                0x000000001c00a0da        0x6 /module/examples/other/wifi-img-streamer/BUILD/GAP8_V2/GCC_RISCV_FREERTOS//gap_sdk/rtos/freeRTOS/vendors/gwt/gap8/pmsis/drivers/udma/uart/uart.o
                0x000000001c00a0da                pi_uart_open
 .text.pi_uart_close
                0x000000001c00a0e0       0x1e /module/examples/other/wifi-img-streamer/BUILD/GAP8_V2/GCC_RISCV_FREERTOS//gap_sdk/rtos/freeRTOS/vendors/gwt/gap8/pmsis/drivers/udma/uart/uart.o
                0x000000001c00a0e0                pi_uart_close
 .text.pi_uart_write
                0x000000001c00a0fe       0x4c /module/examples/other/wifi-img-streamer/BUILD/GAP8_V2/GCC_RISCV_FREERTOS//gap_sdk/rtos/freeRTOS/vendors/gwt/gap8/pmsis/drivers/udma/uart/uart.o
                0x000000001c00a0fe                pi_uart_write
 .text.__pi_uart_freq_cb
                0x000000001c00a14a       0xa6 /module/examples/other/wifi-img-streamer/BUILD/GAP8_V2/GCC_RISCV_FREERTOS//gap_sdk/rtos/freeRTOS/vendors/gwt/gap8/pmsis/drivers/udma/uart/uart_internal.o
 .text.__pi_uart_handler
                0x000000001c00a1f0       0xca /module/examples/other/wifi-img-streamer/BUILD/GAP8_V2/GCC_RISCV_FREERTOS//gap_sdk/rtos/freeRTOS/vendors/gwt/gap8/pmsis/drivers/udma/uart/uart_internal.o
 .text.__pi_uart_conf_init
                0x000000001c00a2ba       0x18 /module/examples/other/wifi-img-streamer/BUILD/GAP8_V2/GCC_RISCV_FREERTOS//gap_sdk/rtos/freeRTOS/vendors/gwt/gap8/pmsis/drivers/udma/uart/uart_internal.o
                0x000000001c00a2ba                __pi_uart_conf_init
 .text.__pi_uart_open
                0x000000001c00a2d2      0x1f0 /module/examples/other/wifi-img-streamer/BUILD/GAP8_V2/GCC_RISCV_FREERTOS//gap_sdk/rtos/freeRTOS/vendors/gwt/gap8/pmsis/drivers/udma/uart/uart_internal.o
                0x000000001c00a2d2                __pi_uart_open
 .text.__pi_uart_close
                0x000000001c00a4c2      0x144 /module/examples/other/wifi-img-streamer/BUILD/GAP8_V2/GCC_RISCV_FREERTOS//gap_sdk/rtos/freeRTOS/vendors/gwt/gap8/pmsis/drivers/udma/uart/uart_internal.o
                0x000000001c00a4c2                __pi_uart_close
 .text.__pi_uart_copy
                0x000000001c00a606       0xb0 /module/examples/other/wifi-img-streamer/BUILD/GAP8_V2/GCC_RISCV_FREERTOS//gap_sdk/rtos/freeRTOS/vendors/gwt/gap8/pmsis/drivers/udma/uart/uart_internal.o
                0x000000001c00a606                __pi_uart_copy
 .text.bsp_himax_conf_init
                0x000000001c00a6b6       0x48 /module/examples/other/wifi-img-streamer/BUILD/GAP8_V2/GCC_RISCV_FREERTOS//gap_sdk/rtos/pmsis/bsp/bsp/ai_deck.o
                0x000000001c00a6b6                bsp_himax_conf_init
 .text.bsp_himax_open
                0x000000001c00a6fe       0x40 /module/examples/other/wifi-img-streamer/BUILD/GAP8_V2/GCC_RISCV_FREERTOS//gap_sdk/rtos/pmsis/bsp/bsp/ai_deck.o
                0x000000001c00a6fe                bsp_himax_open
 .text.pi_bsp_init
                0x000000001c00a73e       0x3c /module/examples/other/wifi-img-streamer/BUILD/GAP8_V2/GCC_RISCV_FREERTOS//gap_sdk/rtos/pmsis/bsp/bsp/ai_deck.o
                0x000000001c00a73e                pi_bsp_init
 .text.pi_camera_open
                0x000000001c00a77a        0xc /module/examples/other/wifi-img-streamer/BUILD/GAP8_V2/GCC_RISCV_FREERTOS//gap_sdk/rtos/pmsis/bsp/camera/camera.o
                0x000000001c00a77a                pi_camera_open
 .text.__camera_conf_init
                0x000000001c00a786        0x2 /module/examples/other/wifi-img-streamer/BUILD/GAP8_V2/GCC_RISCV_FREERTOS//gap_sdk/rtos/pmsis/bsp/camera/camera.o
                0x000000001c00a786                __camera_conf_init
 .text.__himax_reg_set
                0x000000001c00a788       0x3e /module/examples/other/wifi-img-streamer/BUILD/GAP8_V2/GCC_RISCV_FREERTOS//gap_sdk/rtos/pmsis/bsp/camera/himax/himax.o
                0x000000001c00a788                __himax_reg_set
 .text.__himax_capture_async
                0x000000001c00a7c6        0xa /module/examples/other/wifi-img-streamer/BUILD/GAP8_V2/GCC_RISCV_FREERTOS//gap_sdk/rtos/pmsis/bsp/camera/himax/himax.o
                0x000000001c00a7c6                __himax_capture_async
 .text.__himax_reg_get
                0x000000001c00a7d0       0x5c /module/examples/other/wifi-img-streamer/BUILD/GAP8_V2/GCC_RISCV_FREERTOS//gap_sdk/rtos/pmsis/bsp/camera/himax/himax.o
                0x000000001c00a7d0                __himax_reg_get
 .text.__himax_close
                0x000000001c00a82c       0x42 /module/examples/other/wifi-img-streamer/BUILD/GAP8_V2/GCC_RISCV_FREERTOS//gap_sdk/rtos/pmsis/bsp/camera/himax/himax.o
 .text.__himax_open
                0x000000001c00a86e      0x2ea /module/examples/other/wifi-img-streamer/BUILD/GAP8_V2/GCC_RISCV_FREERTOS//gap_sdk/rtos/pmsis/bsp/camera/himax/himax.o
                0x000000001c00a86e                __himax_open
 .text.__himax_reopen
                0x000000001c00ab58      0x1d6 /module/examples/other/wifi-img-streamer/BUILD/GAP8_V2/GCC_RISCV_FREERTOS//gap_sdk/rtos/pmsis/bsp/camera/himax/himax.o
                0x000000001c00ab58                __himax_reopen
 .text.__himax_control
                0x000000001c00ad2e      0x124 /module/examples/other/wifi-img-streamer/BUILD/GAP8_V2/GCC_RISCV_FREERTOS//gap_sdk/rtos/pmsis/bsp/camera/himax/himax.o
 .text.pi_himax_conf_init
                0x000000001c00ae52       0x2e /module/examples/other/wifi-img-streamer/BUILD/GAP8_V2/GCC_RISCV_FREERTOS//gap_sdk/rtos/pmsis/bsp/camera/himax/himax.o
                0x000000001c00ae52                pi_himax_conf_init
 .text.pmsis_event_push
                0x000000001c00ae80       0x4e /module/examples/other/wifi-img-streamer/BUILD/GAP8_V2/GCC_RISCV_FREERTOS//gap_sdk/rtos/freeRTOS/vendors/gwt/pmsis/rtos/event_kernel/event_kernel.o
                0x000000001c00ae80                pmsis_event_push
 .text.pmsis_event_kernel_init
                0x000000001c00aece       0x78 /module/examples/other/wifi-img-streamer/BUILD/GAP8_V2/GCC_RISCV_FREERTOS//gap_sdk/rtos/freeRTOS/vendors/gwt/pmsis/rtos/event_kernel/event_kernel.o
                0x000000001c00aece                pmsis_event_kernel_init
 .text.pmsis_event_kernel_main
                0x000000001c00af46       0xa2 /module/examples/other/wifi-img-streamer/BUILD/GAP8_V2/GCC_RISCV_FREERTOS//gap_sdk/rtos/freeRTOS/vendors/gwt/pmsis/rtos/event_kernel/event_kernel.o
                0x000000001c00af46                pmsis_event_kernel_main
 .text.pmsis_event_get_default_scheduler
                0x000000001c00afe8        0xa /module/examples/other/wifi-img-streamer/BUILD/GAP8_V2/GCC_RISCV_FREERTOS//gap_sdk/rtos/freeRTOS/vendors/gwt/pmsis/rtos/event_kernel/event_kernel.o
                0x000000001c00afe8                pmsis_event_get_default_scheduler
 .text.pmsis_event_set_default_scheduler
                0x000000001c00aff2        0xa /module/examples/other/wifi-img-streamer/BUILD/GAP8_V2/GCC_RISCV_FREERTOS//gap_sdk/rtos/freeRTOS/vendors/gwt/pmsis/rtos/event_kernel/event_kernel.o
                0x000000001c00aff2                pmsis_event_set_default_scheduler
 .text.pi_cl_l1_malloc
                0x000000001c00affc       0x20 /module/examples/other/wifi-img-streamer/BUILD/GAP8_V2/GCC_RISCV_FREERTOS//gap_sdk/rtos/freeRTOS/vendors/gwt/pmsis/rtos/malloc/cl_l1_malloc.o
                0x000000001c00affc                pi_cl_l1_malloc
 .text.pi_cl_l1_free
                0x000000001c00b01c       0x20 /module/examples/other/wifi-img-streamer/BUILD/GAP8_V2/GCC_RISCV_FREERTOS//gap_sdk/rtos/freeRTOS/vendors/gwt/pmsis/rtos/malloc/cl_l1_malloc.o
                0x000000001c00b01c                pi_cl_l1_free
 .text.pi_fc_l1_malloc
                0x000000001c00b03c       0x22 /module/examples/other/wifi-img-streamer/BUILD/GAP8_V2/GCC_RISCV_FREERTOS//gap_sdk/rtos/freeRTOS/vendors/gwt/pmsis/rtos/malloc/fc_l1_malloc.o
                0x000000001c00b03c                pi_fc_l1_malloc
 .text.pi_fc_l1_free
                0x000000001c00b05e       0x24 /module/examples/other/wifi-img-streamer/BUILD/GAP8_V2/GCC_RISCV_FREERTOS//gap_sdk/rtos/freeRTOS/vendors/gwt/pmsis/rtos/malloc/fc_l1_malloc.o
                0x000000001c00b05e                pi_fc_l1_free
 .text.pi_fc_l1_malloc_init
                0x000000001c00b082       0x20 /module/examples/other/wifi-img-streamer/BUILD/GAP8_V2/GCC_RISCV_FREERTOS//gap_sdk/rtos/freeRTOS/vendors/gwt/pmsis/rtos/malloc/fc_l1_malloc.o
                0x000000001c00b082                pi_fc_l1_malloc_init
 .text.pi_l2_malloc
                0x000000001c00b0a2       0x5a /module/examples/other/wifi-img-streamer/BUILD/GAP8_V2/GCC_RISCV_FREERTOS//gap_sdk/rtos/freeRTOS/vendors/gwt/pmsis/rtos/malloc/l2_malloc.o
                0x000000001c00b0a2                pi_l2_malloc
 .text.pi_l2_free
                0x000000001c00b0fc       0x3a /module/examples/other/wifi-img-streamer/BUILD/GAP8_V2/GCC_RISCV_FREERTOS//gap_sdk/rtos/freeRTOS/vendors/gwt/pmsis/rtos/malloc/l2_malloc.o
                0x000000001c00b0fc                pi_l2_free
 .text.pi_l2_malloc_init
                0x000000001c00b136       0x20 /module/examples/other/wifi-img-streamer/BUILD/GAP8_V2/GCC_RISCV_FREERTOS//gap_sdk/rtos/freeRTOS/vendors/gwt/pmsis/rtos/malloc/l2_malloc.o
                0x000000001c00b136                pi_l2_malloc_init
 .text.__malloc_init
                0x000000001c00b156       0x20 /module/examples/other/wifi-img-streamer/BUILD/GAP8_V2/GCC_RISCV_FREERTOS//gap_sdk/rtos/freeRTOS/vendors/gwt/pmsis/rtos/malloc/malloc_internal.o
                0x000000001c00b156                __malloc_init
 .text.__malloc
                0x000000001c00b176       0x4a /module/examples/other/wifi-img-streamer/BUILD/GAP8_V2/GCC_RISCV_FREERTOS//gap_sdk/rtos/freeRTOS/vendors/gwt/pmsis/rtos/malloc/malloc_internal.o
                0x000000001c00b176                __malloc
 .text.__malloc_free
                0x000000001c00b1c0       0x5c /module/examples/other/wifi-img-streamer/BUILD/GAP8_V2/GCC_RISCV_FREERTOS//gap_sdk/rtos/freeRTOS/vendors/gwt/pmsis/rtos/malloc/malloc_internal.o
                0x000000001c00b1c0                __malloc_free
 .text.pi_malloc_init
                0x000000001c00b21c       0x20 /module/examples/other/wifi-img-streamer/BUILD/GAP8_V2/GCC_RISCV_FREERTOS//gap_sdk/rtos/freeRTOS/vendors/gwt/pmsis/rtos/malloc/pi_malloc.o
                0x000000001c00b21c                pi_malloc_init
 .text.pi_malloc
                0x000000001c00b23c       0x30 /module/examples/other/wifi-img-streamer/BUILD/GAP8_V2/GCC_RISCV_FREERTOS//gap_sdk/rtos/freeRTOS/vendors/gwt/pmsis/rtos/malloc/pi_malloc.o
                0x000000001c00b23c                pi_malloc
 .text.pi_free  0x000000001c00b26c       0x20 /module/examples/other/wifi-img-streamer/BUILD/GAP8_V2/GCC_RISCV_FREERTOS//gap_sdk/rtos/freeRTOS/vendors/gwt/pmsis/rtos/malloc/pi_malloc.o
                0x000000001c00b26c                pi_free
 .text.pi_open_from_conf
                0x000000001c00b28c        0x4 /module/examples/other/wifi-img-streamer/BUILD/GAP8_V2/GCC_RISCV_FREERTOS//gap_sdk/rtos/freeRTOS/vendors/gwt/pmsis/rtos/os/device.o
                0x000000001c00b28c                pi_open_from_conf
 .text.__pi_task_block
                0x000000001c00b290       0x2e /module/examples/other/wifi-img-streamer/BUILD/GAP8_V2/GCC_RISCV_FREERTOS//gap_sdk/rtos/freeRTOS/vendors/gwt/pmsis/rtos/os/pmsis_task.o
                0x000000001c00b290                __pi_task_block
 .text.__pi_task_destroy
                0x000000001c00b2be        0x6 /module/examples/other/wifi-img-streamer/BUILD/GAP8_V2/GCC_RISCV_FREERTOS//gap_sdk/rtos/freeRTOS/vendors/gwt/pmsis/rtos/os/pmsis_task.o
                0x000000001c00b2be                __pi_task_destroy
 .text.__pi_task_wait_on
                0x000000001c00b2c4       0x30 /module/examples/other/wifi-img-streamer/BUILD/GAP8_V2/GCC_RISCV_FREERTOS//gap_sdk/rtos/freeRTOS/vendors/gwt/pmsis/rtos/os/pmsis_task.o
                0x000000001c00b2c4                __pi_task_wait_on
 .text.__pi_task_push_locked
                0x000000001c00b2f4       0x8c /module/examples/other/wifi-img-streamer/BUILD/GAP8_V2/GCC_RISCV_FREERTOS//gap_sdk/rtos/freeRTOS/vendors/gwt/pmsis/rtos/os/pmsis_task.o
                0x000000001c00b2f4                __pi_task_push_locked
 .text.pi_task_release
                0x000000001c00b380       0x4e /module/examples/other/wifi-img-streamer/BUILD/GAP8_V2/GCC_RISCV_FREERTOS//gap_sdk/rtos/freeRTOS/vendors/gwt/pmsis/rtos/os/pmsis_task.o
                0x000000001c00b380                pi_task_release
 .text.pi_cl_pi_task_wait
                0x000000001c00b3ce       0x28 /module/examples/other/wifi-img-streamer/BUILD/GAP8_V2/GCC_RISCV_FREERTOS//gap_sdk/rtos/freeRTOS/vendors/gwt/pmsis/rtos/os/pmsis_task.o
                0x000000001c00b3ce                pi_cl_pi_task_wait
 .text.__os_native_kickoff
                0x000000001c00b3f6       0x9a /module/examples/other/wifi-img-streamer/BUILD/GAP8_V2/GCC_RISCV_FREERTOS//gap_sdk/rtos/freeRTOS/vendors/gwt/pmsis/backend/pmsis_backend_native_task_api.o
                0x000000001c00b3f6                __os_native_kickoff
 .text.pi_time_wait_us
                0x000000001c00b490       0x72 /module/examples/other/wifi-img-streamer/BUILD/GAP8_V2/GCC_RISCV_FREERTOS//gap_sdk/rtos/freeRTOS/vendors/gwt/pmsis/backend/pmsis_backend_native_task_api.o
                0x000000001c00b490                pi_time_wait_us
 .text.__pi_task_timer_irq
                0x000000001c00b502       0x6e /module/examples/other/wifi-img-streamer/BUILD/GAP8_V2/GCC_RISCV_FREERTOS//gap_sdk/rtos/freeRTOS/vendors/gwt/pmsis/backend/pmsis_backend_native_task_api.o
                0x000000001c00b502                __pi_task_timer_irq
 .text.pi_task_delayed_increment_push
                0x000000001c00b570       0x7e /module/examples/other/wifi-img-streamer/BUILD/GAP8_V2/GCC_RISCV_FREERTOS//gap_sdk/rtos/freeRTOS/vendors/gwt/pmsis/backend/pmsis_backend_native_task_api.o
                0x000000001c00b570                pi_task_delayed_increment_push
 .text.pxPortInitialiseStack
                0x000000001c00b5ee       0x38 /module/examples/other/wifi-img-streamer/BUILD/GAP8_V2/GCC_RISCV_FREERTOS//gap_sdk/rtos/freeRTOS/freertos_kernel/portable/GCC/RI5CY-GAP8/port.o
                0x000000001c00b5ee                pxPortInitialiseStack
 .text.prvSetupTimerInterrupt
                0x000000001c00b626        0x8 /module/examples/other/wifi-img-streamer/BUILD/GAP8_V2/GCC_RISCV_FREERTOS//gap_sdk/rtos/freeRTOS/freertos_kernel/portable/GCC/RI5CY-GAP8/port.o
                0x000000001c00b626                prvSetupTimerInterrupt
 .text.vPortEnter_Critical
                0x000000001c00b62e       0x14 /module/examples/other/wifi-img-streamer/BUILD/GAP8_V2/GCC_RISCV_FREERTOS//gap_sdk/rtos/freeRTOS/freertos_kernel/portable/GCC/RI5CY-GAP8/port.o
                0x000000001c00b62e                vPortEnter_Critical
 .text.vPortExit_Critical
                0x000000001c00b642       0x1c /module/examples/other/wifi-img-streamer/BUILD/GAP8_V2/GCC_RISCV_FREERTOS//gap_sdk/rtos/freeRTOS/freertos_kernel/portable/GCC/RI5CY-GAP8/port.o
                0x000000001c00b642                vPortExit_Critical
 .text.uPortSet_Interrupt_Mask_From_ISR
                0x000000001c00b65e        0x6 /module/examples/other/wifi-img-streamer/BUILD/GAP8_V2/GCC_RISCV_FREERTOS//gap_sdk/rtos/freeRTOS/freertos_kernel/portable/GCC/RI5CY-GAP8/port.o
                0x000000001c00b65e                uPortSet_Interrupt_Mask_From_ISR
 .text.vPortClear_Interrupt_Mask_From_ISR
                0x000000001c00b664        0x6 /module/examples/other/wifi-img-streamer/BUILD/GAP8_V2/GCC_RISCV_FREERTOS//gap_sdk/rtos/freeRTOS/freertos_kernel/portable/GCC/RI5CY-GAP8/port.o
                0x000000001c00b664                vPortClear_Interrupt_Mask_From_ISR
 .text._out_buffer
                0x000000001c00b66a        0xa /module/examples/other/wifi-img-streamer/BUILD/GAP8_V2/GCC_RISCV_FREERTOS//gap_sdk/rtos/freeRTOS/vendors/gwt/libs/printf/printf.o
 .text._out_null
                0x000000001c00b674        0x2 /module/examples/other/wifi-img-streamer/BUILD/GAP8_V2/GCC_RISCV_FREERTOS//gap_sdk/rtos/freeRTOS/vendors/gwt/libs/printf/printf.o
 .text._out_char
                0x000000001c00b676        0x8 /module/examples/other/wifi-img-streamer/BUILD/GAP8_V2/GCC_RISCV_FREERTOS//gap_sdk/rtos/freeRTOS/vendors/gwt/libs/printf/printf.o
 .text._ntoa_long
                0x000000001c00b67e      0x34c /module/examples/other/wifi-img-streamer/BUILD/GAP8_V2/GCC_RISCV_FREERTOS//gap_sdk/rtos/freeRTOS/vendors/gwt/libs/printf/printf.o
 .text._etoa    0x000000001c00b9ca      0x68e /module/examples/other/wifi-img-streamer/BUILD/GAP8_V2/GCC_RISCV_FREERTOS//gap_sdk/rtos/freeRTOS/vendors/gwt/libs/printf/printf.o
 .text._ftoa.part.1
                0x000000001c00c058      0x53a /module/examples/other/wifi-img-streamer/BUILD/GAP8_V2/GCC_RISCV_FREERTOS//gap_sdk/rtos/freeRTOS/vendors/gwt/libs/printf/printf.o
 .text._vsnprintf
                0x000000001c00c592      0x7dc /module/examples/other/wifi-img-streamer/BUILD/GAP8_V2/GCC_RISCV_FREERTOS//gap_sdk/rtos/freeRTOS/vendors/gwt/libs/printf/printf.o
 .text.printf_  0x000000001c00cd6e       0x32 /module/examples/other/wifi-img-streamer/BUILD/GAP8_V2/GCC_RISCV_FREERTOS//gap_sdk/rtos/freeRTOS/vendors/gwt/libs/printf/printf.o
                0x000000001c00cd6e                printf_
 .text.vsnprintf_
                0x000000001c00cda0       0x14 /module/examples/other/wifi-img-streamer/BUILD/GAP8_V2/GCC_RISCV_FREERTOS//gap_sdk/rtos/freeRTOS/vendors/gwt/libs/printf/printf.o
                0x000000001c00cda0                vsnprintf_
 .text.vListInitialise
                0x000000001c00cdb4       0x14 /module/examples/other/wifi-img-streamer/BUILD/GAP8_V2/GCC_RISCV_FREERTOS//gap_sdk/rtos/freeRTOS/freertos_kernel/list.o
                0x000000001c00cdb4                vListInitialise
 .text.vListInitialiseItem
                0x000000001c00cdc8        0x6 /module/examples/other/wifi-img-streamer/BUILD/GAP8_V2/GCC_RISCV_FREERTOS//gap_sdk/rtos/freeRTOS/freertos_kernel/list.o
                0x000000001c00cdc8                vListInitialiseItem
 .text.vListInsertEnd
                0x000000001c00cdce       0x18 /module/examples/other/wifi-img-streamer/BUILD/GAP8_V2/GCC_RISCV_FREERTOS//gap_sdk/rtos/freeRTOS/freertos_kernel/list.o
                0x000000001c00cdce                vListInsertEnd
 .text.vListInsert
                0x000000001c00cde6       0x2e /module/examples/other/wifi-img-streamer/BUILD/GAP8_V2/GCC_RISCV_FREERTOS//gap_sdk/rtos/freeRTOS/freertos_kernel/list.o
                0x000000001c00cde6                vListInsert
 .text.uxListRemove
                0x000000001c00ce14       0x22 /module/examples/other/wifi-img-streamer/BUILD/GAP8_V2/GCC_RISCV_FREERTOS//gap_sdk/rtos/freeRTOS/freertos_kernel/list.o
                0x000000001c00ce14                uxListRemove
 .text.xQueueGenericCreateStatic
                0x000000001c00ce36       0x6e /module/examples/other/wifi-img-streamer/BUILD/GAP8_V2/GCC_RISCV_FREERTOS//gap_sdk/rtos/freeRTOS/freertos_kernel/queue.o
                0x000000001c00ce36                xQueueGenericCreateStatic
 .text.xQueueGenericCreate
                0x000000001c00cea4       0x80 /module/examples/other/wifi-img-streamer/BUILD/GAP8_V2/GCC_RISCV_FREERTOS//gap_sdk/rtos/freeRTOS/freertos_kernel/queue.o
                0x000000001c00cea4                xQueueGenericCreate
 .text.xQueueGenericSend
                0x000000001c00cf24      0x35e /module/examples/other/wifi-img-streamer/BUILD/GAP8_V2/GCC_RISCV_FREERTOS//gap_sdk/rtos/freeRTOS/freertos_kernel/queue.o
                0x000000001c00cf24                xQueueGenericSend
 .text.xQueueCreateMutex
                0x000000001c00d282       0x80 /module/examples/other/wifi-img-streamer/BUILD/GAP8_V2/GCC_RISCV_FREERTOS//gap_sdk/rtos/freeRTOS/freertos_kernel/queue.o
                0x000000001c00d282                xQueueCreateMutex
 .text.xQueueGenericSendFromISR
                0x000000001c00d302      0x108 /module/examples/other/wifi-img-streamer/BUILD/GAP8_V2/GCC_RISCV_FREERTOS//gap_sdk/rtos/freeRTOS/freertos_kernel/queue.o
                0x000000001c00d302                xQueueGenericSendFromISR
 .text.xQueueReceive
                0x000000001c00d40a      0x2b6 /module/examples/other/wifi-img-streamer/BUILD/GAP8_V2/GCC_RISCV_FREERTOS//gap_sdk/rtos/freeRTOS/freertos_kernel/queue.o
                0x000000001c00d40a                xQueueReceive
 .text.xQueueSemaphoreTake
                0x000000001c00d6c0      0x2ea /module/examples/other/wifi-img-streamer/BUILD/GAP8_V2/GCC_RISCV_FREERTOS//gap_sdk/rtos/freeRTOS/freertos_kernel/queue.o
                0x000000001c00d6c0                xQueueSemaphoreTake
 .text.uxQueueMessagesWaiting
                0x000000001c00d9aa       0x1c /module/examples/other/wifi-img-streamer/BUILD/GAP8_V2/GCC_RISCV_FREERTOS//gap_sdk/rtos/freeRTOS/freertos_kernel/queue.o
                0x000000001c00d9aa                uxQueueMessagesWaiting
 .text.vQueueAddToRegistry
                0x000000001c00d9c6       0x58 /module/examples/other/wifi-img-streamer/BUILD/GAP8_V2/GCC_RISCV_FREERTOS//gap_sdk/rtos/freeRTOS/freertos_kernel/queue.o
                0x000000001c00d9c6                vQueueAddToRegistry
 .text.vQueueWaitForMessageRestricted
                0x000000001c00da1e       0xea /module/examples/other/wifi-img-streamer/BUILD/GAP8_V2/GCC_RISCV_FREERTOS//gap_sdk/rtos/freeRTOS/freertos_kernel/queue.o
                0x000000001c00da1e                vQueueWaitForMessageRestricted
 .text.prvAddNewTaskToReadyList
                0x000000001c00db08      0x15c /module/examples/other/wifi-img-streamer/BUILD/GAP8_V2/GCC_RISCV_FREERTOS//gap_sdk/rtos/freeRTOS/freertos_kernel/tasks.o
 .text.prvIdleTask
                0x000000001c00dc64       0x90 /module/examples/other/wifi-img-streamer/BUILD/GAP8_V2/GCC_RISCV_FREERTOS//gap_sdk/rtos/freeRTOS/freertos_kernel/tasks.o
 .text.xTaskIncrementTick.part.6
                0x000000001c00dcf4      0x168 /module/examples/other/wifi-img-streamer/BUILD/GAP8_V2/GCC_RISCV_FREERTOS//gap_sdk/rtos/freeRTOS/freertos_kernel/tasks.o
 .text.xTaskCreateStatic
                0x000000001c00de5c      0x186 /module/examples/other/wifi-img-streamer/BUILD/GAP8_V2/GCC_RISCV_FREERTOS//gap_sdk/rtos/freeRTOS/freertos_kernel/tasks.o
                0x000000001c00de5c                xTaskCreateStatic
 .text.xTaskCreate
                0x000000001c00dfe2      0x1aa /module/examples/other/wifi-img-streamer/BUILD/GAP8_V2/GCC_RISCV_FREERTOS//gap_sdk/rtos/freeRTOS/freertos_kernel/tasks.o
                0x000000001c00dfe2                xTaskCreate
 .text.vTaskStartScheduler
                0x000000001c00e18c       0xf4 /module/examples/other/wifi-img-streamer/BUILD/GAP8_V2/GCC_RISCV_FREERTOS//gap_sdk/rtos/freeRTOS/freertos_kernel/tasks.o
                0x000000001c00e18c                vTaskStartScheduler
 .text.vTaskSuspendAll
                0x000000001c00e280       0x10 /module/examples/other/wifi-img-streamer/BUILD/GAP8_V2/GCC_RISCV_FREERTOS//gap_sdk/rtos/freeRTOS/freertos_kernel/tasks.o
                0x000000001c00e280                vTaskSuspendAll
 .text.xTaskResumeAll
                0x000000001c00e290      0x13e /module/examples/other/wifi-img-streamer/BUILD/GAP8_V2/GCC_RISCV_FREERTOS//gap_sdk/rtos/freeRTOS/freertos_kernel/tasks.o
                0x000000001c00e290                xTaskResumeAll
 .text.vTaskDelay
                0x000000001c00e3ce       0x9c /module/examples/other/wifi-img-streamer/BUILD/GAP8_V2/GCC_RISCV_FREERTOS//gap_sdk/rtos/freeRTOS/freertos_kernel/tasks.o
                0x000000001c00e3ce                vTaskDelay
 .text.xTaskGetTickCount
                0x000000001c00e46a        0xa /module/examples/other/wifi-img-streamer/BUILD/GAP8_V2/GCC_RISCV_FREERTOS//gap_sdk/rtos/freeRTOS/freertos_kernel/tasks.o
                0x000000001c00e46a                xTaskGetTickCount
 .text.pcTaskGetName
                0x000000001c00e474       0x10 /module/examples/other/wifi-img-streamer/BUILD/GAP8_V2/GCC_RISCV_FREERTOS//gap_sdk/rtos/freeRTOS/freertos_kernel/tasks.o
                0x000000001c00e474                pcTaskGetName
 .text.xTaskIncrementTick
                0x000000001c00e484       0x20 /module/examples/other/wifi-img-streamer/BUILD/GAP8_V2/GCC_RISCV_FREERTOS//gap_sdk/rtos/freeRTOS/freertos_kernel/tasks.o
                0x000000001c00e484                xTaskIncrementTick
 .text.vTaskSwitchContext
                0x000000001c00e4a4       0xb2 /module/examples/other/wifi-img-streamer/BUILD/GAP8_V2/GCC_RISCV_FREERTOS//gap_sdk/rtos/freeRTOS/freertos_kernel/tasks.o
                0x000000001c00e4a4                vTaskSwitchContext
 .text.vTaskPlaceOnEventList
                0x000000001c00e556       0x9c /module/examples/other/wifi-img-streamer/BUILD/GAP8_V2/GCC_RISCV_FREERTOS//gap_sdk/rtos/freeRTOS/freertos_kernel/tasks.o
                0x000000001c00e556                vTaskPlaceOnEventList
 .text.vTaskPlaceOnUnorderedEventList
                0x000000001c00e5f2       0xac /module/examples/other/wifi-img-streamer/BUILD/GAP8_V2/GCC_RISCV_FREERTOS//gap_sdk/rtos/freeRTOS/freertos_kernel/tasks.o
                0x000000001c00e5f2                vTaskPlaceOnUnorderedEventList
 .text.vTaskPlaceOnEventListRestricted
                0x000000001c00e69e       0xaa /module/examples/other/wifi-img-streamer/BUILD/GAP8_V2/GCC_RISCV_FREERTOS//gap_sdk/rtos/freeRTOS/freertos_kernel/tasks.o
                0x000000001c00e69e                vTaskPlaceOnEventListRestricted
 .text.xTaskRemoveFromEventList
                0x000000001c00e748       0x8e /module/examples/other/wifi-img-streamer/BUILD/GAP8_V2/GCC_RISCV_FREERTOS//gap_sdk/rtos/freeRTOS/freertos_kernel/tasks.o
                0x000000001c00e748                xTaskRemoveFromEventList
 .text.vTaskRemoveFromUnorderedEventList
                0x000000001c00e7d6       0x74 /module/examples/other/wifi-img-streamer/BUILD/GAP8_V2/GCC_RISCV_FREERTOS//gap_sdk/rtos/freeRTOS/freertos_kernel/tasks.o
                0x000000001c00e7d6                vTaskRemoveFromUnorderedEventList
 .text.vTaskInternalSetTimeOutState
                0x000000001c00e84a       0x16 /module/examples/other/wifi-img-streamer/BUILD/GAP8_V2/GCC_RISCV_FREERTOS//gap_sdk/rtos/freeRTOS/freertos_kernel/tasks.o
                0x000000001c00e84a                vTaskInternalSetTimeOutState
 .text.xTaskCheckForTimeOut
                0x000000001c00e860       0x84 /module/examples/other/wifi-img-streamer/BUILD/GAP8_V2/GCC_RISCV_FREERTOS//gap_sdk/rtos/freeRTOS/freertos_kernel/tasks.o
                0x000000001c00e860                xTaskCheckForTimeOut
 .text.vTaskMissedYield
                0x000000001c00e8e4        0xc /module/examples/other/wifi-img-streamer/BUILD/GAP8_V2/GCC_RISCV_FREERTOS//gap_sdk/rtos/freeRTOS/freertos_kernel/tasks.o
                0x000000001c00e8e4                vTaskMissedYield
 .text.xTaskGetCurrentTaskHandle
                0x000000001c00e8f0        0xa /module/examples/other/wifi-img-streamer/BUILD/GAP8_V2/GCC_RISCV_FREERTOS//gap_sdk/rtos/freeRTOS/freertos_kernel/tasks.o
                0x000000001c00e8f0                xTaskGetCurrentTaskHandle
 .text.xTaskGetSchedulerState
                0x000000001c00e8fa       0x1c /module/examples/other/wifi-img-streamer/BUILD/GAP8_V2/GCC_RISCV_FREERTOS//gap_sdk/rtos/freeRTOS/freertos_kernel/tasks.o
                0x000000001c00e8fa                xTaskGetSchedulerState
 .text.xTaskPriorityInherit
                0x000000001c00e916       0xb0 /module/examples/other/wifi-img-streamer/BUILD/GAP8_V2/GCC_RISCV_FREERTOS//gap_sdk/rtos/freeRTOS/freertos_kernel/tasks.o
                0x000000001c00e916                xTaskPriorityInherit
 .text.xTaskPriorityDisinherit
                0x000000001c00e9c6       0x70 /module/examples/other/wifi-img-streamer/BUILD/GAP8_V2/GCC_RISCV_FREERTOS//gap_sdk/rtos/freeRTOS/freertos_kernel/tasks.o
                0x000000001c00e9c6                xTaskPriorityDisinherit
 .text.vTaskPriorityDisinheritAfterTimeout
                0x000000001c00ea36       0x94 /module/examples/other/wifi-img-streamer/BUILD/GAP8_V2/GCC_RISCV_FREERTOS//gap_sdk/rtos/freeRTOS/freertos_kernel/tasks.o
                0x000000001c00ea36                vTaskPriorityDisinheritAfterTimeout
 .text.uxTaskResetEventItemValue
                0x000000001c00eaca       0x1a /module/examples/other/wifi-img-streamer/BUILD/GAP8_V2/GCC_RISCV_FREERTOS//gap_sdk/rtos/freeRTOS/freertos_kernel/tasks.o
                0x000000001c00eaca                uxTaskResetEventItemValue
 .text.pvTaskIncrementMutexHeldCount
                0x000000001c00eae4       0x18 /module/examples/other/wifi-img-streamer/BUILD/GAP8_V2/GCC_RISCV_FREERTOS//gap_sdk/rtos/freeRTOS/freertos_kernel/tasks.o
                0x000000001c00eae4                pvTaskIncrementMutexHeldCount
 .text.ulTaskGenericNotifyTake
                0x000000001c00eafc       0xf8 /module/examples/other/wifi-img-streamer/BUILD/GAP8_V2/GCC_RISCV_FREERTOS//gap_sdk/rtos/freeRTOS/freertos_kernel/tasks.o
                0x000000001c00eafc                ulTaskGenericNotifyTake
 .text.vTaskGenericNotifyGiveFromISR
                0x000000001c00ebf4       0xc0 /module/examples/other/wifi-img-streamer/BUILD/GAP8_V2/GCC_RISCV_FREERTOS//gap_sdk/rtos/freeRTOS/freertos_kernel/tasks.o
                0x000000001c00ebf4                vTaskGenericNotifyGiveFromISR
 .text.prvTimerTask
                0x000000001c00ecb4      0x35e /module/examples/other/wifi-img-streamer/BUILD/GAP8_V2/GCC_RISCV_FREERTOS//gap_sdk/rtos/freeRTOS/freertos_kernel/timers.o
 .text.xTimerCreateTimerTask
                0x000000001c00f012       0xc2 /module/examples/other/wifi-img-streamer/BUILD/GAP8_V2/GCC_RISCV_FREERTOS//gap_sdk/rtos/freeRTOS/freertos_kernel/timers.o
                0x000000001c00f012                xTimerCreateTimerTask
 .text.xTimerPendFunctionCallFromISR
                0x000000001c00f0d4       0x28 /module/examples/other/wifi-img-streamer/BUILD/GAP8_V2/GCC_RISCV_FREERTOS//gap_sdk/rtos/freeRTOS/freertos_kernel/timers.o
                0x000000001c00f0d4                xTimerPendFunctionCallFromISR
 .text.xEventGroupCreate
                0x000000001c00f0fc       0x26 /module/examples/other/wifi-img-streamer/BUILD/GAP8_V2/GCC_RISCV_FREERTOS//gap_sdk/rtos/freeRTOS/freertos_kernel/event_groups.o
                0x000000001c00f0fc                xEventGroupCreate
 .text.xEventGroupWaitBits
                0x000000001c00f122       0xdc /module/examples/other/wifi-img-streamer/BUILD/GAP8_V2/GCC_RISCV_FREERTOS//gap_sdk/rtos/freeRTOS/freertos_kernel/event_groups.o
                0x000000001c00f122                xEventGroupWaitBits
 .text.xEventGroupSetBits
                0x000000001c00f1fe       0x9a /module/examples/other/wifi-img-streamer/BUILD/GAP8_V2/GCC_RISCV_FREERTOS//gap_sdk/rtos/freeRTOS/freertos_kernel/event_groups.o
                0x000000001c00f1fe                xEventGroupSetBits
 .text.vEventGroupSetBitsCallback
                0x000000001c00f298       0x96 /module/examples/other/wifi-img-streamer/BUILD/GAP8_V2/GCC_RISCV_FREERTOS//gap_sdk/rtos/freeRTOS/freertos_kernel/event_groups.o
                0x000000001c00f298                vEventGroupSetBitsCallback
 .text.vApplicationIdleHook
                0x000000001c00f32e       0x16 /module/examples/other/wifi-img-streamer/BUILD/GAP8_V2/GCC_RISCV_FREERTOS//gap_sdk/rtos/freeRTOS/demos/gwt/config/gap8/FreeRTOS_util.o
                0x000000001c00f32e                vApplicationIdleHook
 .text.vApplicationGetIdleTaskMemory
                0x000000001c00f344       0x18 /module/examples/other/wifi-img-streamer/BUILD/GAP8_V2/GCC_RISCV_FREERTOS//gap_sdk/rtos/freeRTOS/demos/gwt/config/gap8/FreeRTOS_util.o
                0x000000001c00f344                vApplicationGetIdleTaskMemory
 .text.vApplicationGetTimerTaskMemory
                0x000000001c00f35c       0x1c /module/examples/other/wifi-img-streamer/BUILD/GAP8_V2/GCC_RISCV_FREERTOS//gap_sdk/rtos/freeRTOS/demos/gwt/config/gap8/FreeRTOS_util.o
                0x000000001c00f35c                vApplicationGetTimerTaskMemory
                0x000000001c00f378                . = ALIGN (0x4)
 *fill*         0x000000001c00f378        0x0 
                0x000000001c00f378                __cluster_text_start = .
 *(.cluster.text)
 *(.cluster.text.*)
                0x000000001c00f378                __cluster_text_end = .
                0x000000001c00f378                _etext = .
 *(.lit)
 *(.shdata)
                0x000000001c00f378                _endtext = .

.ctors          0x000000001c00f378        0x0
                0x000000001c00f378                . = ALIGN (0x4)
                0x000000001c00f378                __CTOR_LIST__ = .
 *crtbegin.o(.ctors)
 *crtbegin?.o(.ctors)
 *(EXCLUDE_FILE(*crtend.o *crtend?.o) .ctors)
 *(SORT(.ctors.*))
 *(.ctors)
                0x000000001c00f378                __CTOR_END__ = .

.dtors          0x000000001c00f378        0x0
                0x000000001c00f378                . = ALIGN (0x4)
                0x000000001c00f378                __DTOR_LIST__ = .
 *crtbegin.o(.dtors)
 *crtbegin?.o(.dtors)
 *(EXCLUDE_FILE(*crtend.o *crtend?.o) .dtors)
 *(SORT(.dtors.*))
 *(.dtors)
                0x000000001c00f378                __DTOR_END__ = .

.preinit_array  0x000000001c00f378        0x0
                [!provide]                        PROVIDE (__preinit_array_start, .)
 *(.preinit_array*)
                [!provide]                        PROVIDE (__preinit_array_end, .)

.init_array     0x000000001c00f378        0x0
                [!provide]                        PROVIDE (__init_array_start, .)
 *(SORT(.init_array.*))
 *(.init_array*)
                [!provide]                        PROVIDE (__init_array_end, .)

.fini_array     0x000000001c00f378        0x0
                [!provide]                        PROVIDE (__fini_array_start, .)
 *(SORT(.fini_array.*))
 *(.fini_array*)
                [!provide]                        PROVIDE (__fini_array_end, .)

.rodata         0x000000001c00f378      0x628
                0x000000001c00f378                . = ALIGN (0x4)
 *(.rodata)
 .rodata        0x000000001c00f378       0x3c /usr/lib/gap_riscv_toolchain/bin/../lib/gcc/riscv32-unknown-elf/7.1.1/rv32imcxgap8/ilp32/libgcc.a(divdf3.o)
 .rodata        0x000000001c00f3b4       0x3c /usr/lib/gap_riscv_toolchain/bin/../lib/gcc/riscv32-unknown-elf/7.1.1/rv32imcxgap8/ilp32/libgcc.a(muldf3.o)
 *(.rodata.*)
 .rodata.camera_task.cst4
                0x000000001c00f3f0        0xc /module/examples/other/wifi-img-streamer/BUILD/GAP8_V2/GCC_RISCV_FREERTOS/wifi-img-streamer.o
 .rodata.camera_task.str1.4
                0x000000001c00f3fc       0xc6 /module/examples/other/wifi-img-streamer/BUILD/GAP8_V2/GCC_RISCV_FREERTOS/wifi-img-streamer.o
 *fill*         0x000000001c00f4c2        0x2 
 .rodata.rx_task.str1.4
                0x000000001c00f4c4       0x43 /module/examples/other/wifi-img-streamer/BUILD/GAP8_V2/GCC_RISCV_FREERTOS/wifi-img-streamer.o
 *fill*         0x000000001c00f507        0x1 
 .rodata.start_example.str1.4
                0x000000001c00f508       0xad /module/examples/other/wifi-img-streamer/BUILD/GAP8_V2/GCC_RISCV_FREERTOS/wifi-img-streamer.o
 *fill*         0x000000001c00f5b5        0x3 
 .rodata.com_init.str1.4
                0x000000001c00f5b8       0x35 /module/examples/other/wifi-img-streamer/BUILD/GAP8_V2/GCC_RISCV_FREERTOS/../../../lib/cpx/src/com.o
 *fill*         0x000000001c00f5ed        0x3 
 .rodata.cpxInit.str1.4
                0x000000001c00f5f0       0x22 /module/examples/other/wifi-img-streamer/BUILD/GAP8_V2/GCC_RISCV_FREERTOS/../../../lib/cpx/src/cpx.o
                                         0x2a (size before relaxing)
 *fill*         0x000000001c00f612        0x2 
 .rodata.cpx_rx_task.str1.4
                0x000000001c00f614       0x20 /module/examples/other/wifi-img-streamer/BUILD/GAP8_V2/GCC_RISCV_FREERTOS/../../../lib/cpx/src/cpx.o
 .rodata.jpeg_encoder_header.cst4
                0x000000001c00f634       0x18 /module/examples/other/wifi-img-streamer/BUILD/GAP8_V2/GCC_RISCV_FREERTOS//gap_sdk/libs/gap_lib/jpeg/jpeg_encoder.o
 .rodata.__pi_i2c_open.cst4
                0x000000001c00f64c        0x4 /module/examples/other/wifi-img-streamer/BUILD/GAP8_V2/GCC_RISCV_FREERTOS//gap_sdk/rtos/freeRTOS/vendors/gwt/gap8/pmsis/drivers/udma/i2c/i2c_internal.o
 .rodata.__func__.11126
                0x000000001c00f650        0xe /module/examples/other/wifi-img-streamer/BUILD/GAP8_V2/GCC_RISCV_FREERTOS//gap_sdk/rtos/freeRTOS/vendors/gwt/gap8/pmsis/drivers/udma/spi/spi_internal.o
 *fill*         0x000000001c00f65e        0x2 
 .rodata.__pi_spi_open.str1.4
                0x000000001c00f660       0x61 /module/examples/other/wifi-img-streamer/BUILD/GAP8_V2/GCC_RISCV_FREERTOS//gap_sdk/rtos/freeRTOS/vendors/gwt/gap8/pmsis/drivers/udma/spi/spi_internal.o
 *fill*         0x000000001c00f6c1        0x3 
 .rodata.__himax_open.str1.4
                0x000000001c00f6c4       0x32 /module/examples/other/wifi-img-streamer/BUILD/GAP8_V2/GCC_RISCV_FREERTOS//gap_sdk/rtos/pmsis/bsp/camera/himax/himax.o
 *fill*         0x000000001c00f6f6        0x2 
 .rodata.__himax_reg_init
                0x000000001c00f6f8      0x11c /module/examples/other/wifi-img-streamer/BUILD/GAP8_V2/GCC_RISCV_FREERTOS//gap_sdk/rtos/pmsis/bsp/camera/himax/himax.o
 .rodata.pmsis_event_kernel_init.str1.4
                0x000000001c00f814       0x2a /module/examples/other/wifi-img-streamer/BUILD/GAP8_V2/GCC_RISCV_FREERTOS//gap_sdk/rtos/freeRTOS/vendors/gwt/pmsis/rtos/event_kernel/event_kernel.o
 *fill*         0x000000001c00f83e        0x2 
 .rodata.pi_l2_malloc.str1.4
                0x000000001c00f840        0xf /module/examples/other/wifi-img-streamer/BUILD/GAP8_V2/GCC_RISCV_FREERTOS//gap_sdk/rtos/freeRTOS/vendors/gwt/pmsis/rtos/malloc/l2_malloc.o
 *fill*         0x000000001c00f84f        0x1 
 .rodata.__os_native_kickoff.str1.4
                0x000000001c00f850       0x3c /module/examples/other/wifi-img-streamer/BUILD/GAP8_V2/GCC_RISCV_FREERTOS//gap_sdk/rtos/freeRTOS/vendors/gwt/pmsis/backend/pmsis_backend_native_task_api.o
 *fill*         0x000000001c00f88c        0x4 
 .rodata._etoa.cst8
                0x000000001c00f890       0x90 /module/examples/other/wifi-img-streamer/BUILD/GAP8_V2/GCC_RISCV_FREERTOS//gap_sdk/rtos/freeRTOS/vendors/gwt/libs/printf/printf.o
 .rodata._etoa.str1.4
                0x000000001c00f920       0x15 /module/examples/other/wifi-img-streamer/BUILD/GAP8_V2/GCC_RISCV_FREERTOS//gap_sdk/rtos/freeRTOS/vendors/gwt/libs/printf/printf.o
 *fill*         0x000000001c00f935        0x3 
 .rodata._ftoa.part.1.cst8
                0x000000001c00f938        0x8 /module/examples/other/wifi-img-streamer/BUILD/GAP8_V2/GCC_RISCV_FREERTOS//gap_sdk/rtos/freeRTOS/vendors/gwt/libs/printf/printf.o
 .rodata.pow10.1787
                0x000000001c00f940       0x50 /module/examples/other/wifi-img-streamer/BUILD/GAP8_V2/GCC_RISCV_FREERTOS//gap_sdk/rtos/freeRTOS/vendors/gwt/libs/printf/printf.o
 .rodata.xTimerCreateTimerTask.str1.4
                0x000000001c00f990       0x10 /module/examples/other/wifi-img-streamer/BUILD/GAP8_V2/GCC_RISCV_FREERTOS//gap_sdk/rtos/freeRTOS/freertos_kernel/timers.o
 *(.srodata)
 *(.srodata.*)
 *(.eh_frame*)

.rela.dyn       0x000000001c00f9a0        0x0
 .rela.text.rx_task
                0x000000001c00f9a0        0x0 /module/examples/other/wifi-img-streamer/BUILD/GAP8_V2/GCC_RISCV_FREERTOS/wifi-img-streamer.o
 .rela.text.capture_done_cb
                0x000000001c00f9a0        0x0 /module/examples/other/wifi-img-streamer/BUILD/GAP8_V2/GCC_RISCV_FREERTOS/wifi-img-streamer.o
 .rela.text.hb_task
                0x000000001c00f9a0        0x0 /module/examples/other/wifi-img-streamer/BUILD/GAP8_V2/GCC_RISCV_FREERTOS/wifi-img-streamer.o
 .rela.text.start_example
                0x000000001c00f9a0        0x0 /module/examples/other/wifi-img-streamer/BUILD/GAP8_V2/GCC_RISCV_FREERTOS/wifi-img-streamer.o
 .rela.text.camera_task
                0x000000001c00f9a0        0x0 /module/examples/other/wifi-img-streamer/BUILD/GAP8_V2/GCC_RISCV_FREERTOS/wifi-img-streamer.o
 .rela.text.sendBufferViaCPX
                0x000000001c00f9a0        0x0 /module/examples/other/wifi-img-streamer/BUILD/GAP8_V2/GCC_RISCV_FREERTOS/wifi-img-streamer.o
 .rela.text.startup.main
                0x000000001c00f9a0        0x0 /module/examples/other/wifi-img-streamer/BUILD/GAP8_V2/GCC_RISCV_FREERTOS/wifi-img-streamer.o
 .rela.text.vDataReadyISR
                0x000000001c00f9a0        0x0 /module/examples/other/wifi-img-streamer/BUILD/GAP8_V2/GCC_RISCV_FREERTOS/wifi-img-streamer.o
 .rela.text.com_task
                0x000000001c00f9a0        0x0 /module/examples/other/wifi-img-streamer/BUILD/GAP8_V2/GCC_RISCV_FREERTOS/wifi-img-streamer.o
 .rela.text.set_gap8_rtt_pin
                0x000000001c00f9a0        0x0 /module/examples/other/wifi-img-streamer/BUILD/GAP8_V2/GCC_RISCV_FREERTOS/wifi-img-streamer.o
 .rela.text.com_init